Archive member included to satisfy reference by file (symbol)

C:\Users\fishe\Documents\Work\CSC460\csc460\timer\timer\timer\ArduinoCore\Debug\libArduinoCore.a(Print.o)
                              Sketch.o (_ZN5Print5printEii)
C:\Users\fishe\Documents\Work\CSC460\csc460\timer\timer\timer\ArduinoCore\Debug\libArduinoCore.a(LiquidCrystal.o)
                              Sketch.o (_ZN13LiquidCrystal4homeEv)
C:\Users\fishe\Documents\Work\CSC460\csc460\timer\timer\timer\ArduinoCore\Debug\libArduinoCore.a(abi.o)
                              C:\Users\fishe\Documents\Work\CSC460\csc460\timer\timer\timer\ArduinoCore\Debug\libArduinoCore.a(Print.o) (__cxa_pure_virtual)
C:\Users\fishe\Documents\Work\CSC460\csc460\timer\timer\timer\ArduinoCore\Debug\libArduinoCore.a(wiring.o)
                              C:\Users\fishe\Documents\Work\CSC460\csc460\timer\timer\timer\ArduinoCore\Debug\libArduinoCore.a(LiquidCrystal.o) (delayMicroseconds)
C:\Users\fishe\Documents\Work\CSC460\csc460\timer\timer\timer\ArduinoCore\Debug\libArduinoCore.a(wiring_digital.o)
                              C:\Users\fishe\Documents\Work\CSC460\csc460\timer\timer\timer\ArduinoCore\Debug\libArduinoCore.a(LiquidCrystal.o) (pinMode)
C:\Users\fishe\Documents\Work\CSC460\csc460\timer\timer\timer\ArduinoCore\Debug\libArduinoCore.a(hooks.o)
                              C:\Users\fishe\Documents\Work\CSC460\csc460\timer\timer\timer\ArduinoCore\Debug\libArduinoCore.a(wiring.o) (yield)
c:/program files (x86)/atmel/studio/7.0/toolchain/avr8/avr8-gnu-toolchain/bin/../lib/gcc/avr/5.4.0/../../../../avr/lib/avr6\libm.a(addsf3.o)
                              C:\Users\fishe\Documents\Work\CSC460\csc460\timer\timer\timer\ArduinoCore\Debug\libArduinoCore.a(Print.o) (__subsf3)
c:/program files (x86)/atmel/studio/7.0/toolchain/avr8/avr8-gnu-toolchain/bin/../lib/gcc/avr/5.4.0/../../../../avr/lib/avr6\libm.a(addsf3x.o)
                              c:/program files (x86)/atmel/studio/7.0/toolchain/avr8/avr8-gnu-toolchain/bin/../lib/gcc/avr/5.4.0/../../../../avr/lib/avr6\libm.a(addsf3.o) (__addsf3x)
c:/program files (x86)/atmel/studio/7.0/toolchain/avr8/avr8-gnu-toolchain/bin/../lib/gcc/avr/5.4.0/../../../../avr/lib/avr6\libm.a(cmpsf2.o)
                              C:\Users\fishe\Documents\Work\CSC460\csc460\timer\timer\timer\ArduinoCore\Debug\libArduinoCore.a(Print.o) (__ltsf2)
c:/program files (x86)/atmel/studio/7.0/toolchain/avr8/avr8-gnu-toolchain/bin/../lib/gcc/avr/5.4.0/../../../../avr/lib/avr6\libm.a(divsf3.o)
                              C:\Users\fishe\Documents\Work\CSC460\csc460\timer\timer\timer\ArduinoCore\Debug\libArduinoCore.a(Print.o) (__divsf3)
c:/program files (x86)/atmel/studio/7.0/toolchain/avr8/avr8-gnu-toolchain/bin/../lib/gcc/avr/5.4.0/../../../../avr/lib/avr6\libm.a(divsf3x.o)
                              c:/program files (x86)/atmel/studio/7.0/toolchain/avr8/avr8-gnu-toolchain/bin/../lib/gcc/avr/5.4.0/../../../../avr/lib/avr6\libm.a(divsf3.o) (__divsf3x)
c:/program files (x86)/atmel/studio/7.0/toolchain/avr8/avr8-gnu-toolchain/bin/../lib/gcc/avr/5.4.0/../../../../avr/lib/avr6\libm.a(fixunssfsi.o)
                              C:\Users\fishe\Documents\Work\CSC460\csc460\timer\timer\timer\ArduinoCore\Debug\libArduinoCore.a(Print.o) (__fixunssfsi)
c:/program files (x86)/atmel/studio/7.0/toolchain/avr8/avr8-gnu-toolchain/bin/../lib/gcc/avr/5.4.0/../../../../avr/lib/avr6\libm.a(floatsisf.o)
                              C:\Users\fishe\Documents\Work\CSC460\csc460\timer\timer\timer\ArduinoCore\Debug\libArduinoCore.a(Print.o) (__floatunsisf)
c:/program files (x86)/atmel/studio/7.0/toolchain/avr8/avr8-gnu-toolchain/bin/../lib/gcc/avr/5.4.0/../../../../avr/lib/avr6\libm.a(fp_cmp.o)
                              c:/program files (x86)/atmel/studio/7.0/toolchain/avr8/avr8-gnu-toolchain/bin/../lib/gcc/avr/5.4.0/../../../../avr/lib/avr6\libm.a(cmpsf2.o) (__fp_cmp)
c:/program files (x86)/atmel/studio/7.0/toolchain/avr8/avr8-gnu-toolchain/bin/../lib/gcc/avr/5.4.0/../../../../avr/lib/avr6\libm.a(fp_inf.o)
                              c:/program files (x86)/atmel/studio/7.0/toolchain/avr8/avr8-gnu-toolchain/bin/../lib/gcc/avr/5.4.0/../../../../avr/lib/avr6\libm.a(addsf3x.o) (__fp_inf)
c:/program files (x86)/atmel/studio/7.0/toolchain/avr8/avr8-gnu-toolchain/bin/../lib/gcc/avr/5.4.0/../../../../avr/lib/avr6\libm.a(fp_nan.o)
                              c:/program files (x86)/atmel/studio/7.0/toolchain/avr8/avr8-gnu-toolchain/bin/../lib/gcc/avr/5.4.0/../../../../avr/lib/avr6\libm.a(addsf3x.o) (__fp_nan)
c:/program files (x86)/atmel/studio/7.0/toolchain/avr8/avr8-gnu-toolchain/bin/../lib/gcc/avr/5.4.0/../../../../avr/lib/avr6\libm.a(fp_pscA.o)
                              c:/program files (x86)/atmel/studio/7.0/toolchain/avr8/avr8-gnu-toolchain/bin/../lib/gcc/avr/5.4.0/../../../../avr/lib/avr6\libm.a(addsf3x.o) (__fp_pscA)
c:/program files (x86)/atmel/studio/7.0/toolchain/avr8/avr8-gnu-toolchain/bin/../lib/gcc/avr/5.4.0/../../../../avr/lib/avr6\libm.a(fp_pscB.o)
                              c:/program files (x86)/atmel/studio/7.0/toolchain/avr8/avr8-gnu-toolchain/bin/../lib/gcc/avr/5.4.0/../../../../avr/lib/avr6\libm.a(addsf3x.o) (__fp_pscB)
c:/program files (x86)/atmel/studio/7.0/toolchain/avr8/avr8-gnu-toolchain/bin/../lib/gcc/avr/5.4.0/../../../../avr/lib/avr6\libm.a(fp_round.o)
                              c:/program files (x86)/atmel/studio/7.0/toolchain/avr8/avr8-gnu-toolchain/bin/../lib/gcc/avr/5.4.0/../../../../avr/lib/avr6\libm.a(addsf3.o) (__fp_round)
c:/program files (x86)/atmel/studio/7.0/toolchain/avr8/avr8-gnu-toolchain/bin/../lib/gcc/avr/5.4.0/../../../../avr/lib/avr6\libm.a(fp_split3.o)
                              c:/program files (x86)/atmel/studio/7.0/toolchain/avr8/avr8-gnu-toolchain/bin/../lib/gcc/avr/5.4.0/../../../../avr/lib/avr6\libm.a(addsf3x.o) (__fp_split3)
c:/program files (x86)/atmel/studio/7.0/toolchain/avr8/avr8-gnu-toolchain/bin/../lib/gcc/avr/5.4.0/../../../../avr/lib/avr6\libm.a(fp_zero.o)
                              c:/program files (x86)/atmel/studio/7.0/toolchain/avr8/avr8-gnu-toolchain/bin/../lib/gcc/avr/5.4.0/../../../../avr/lib/avr6\libm.a(addsf3x.o) (__fp_zero)
c:/program files (x86)/atmel/studio/7.0/toolchain/avr8/avr8-gnu-toolchain/bin/../lib/gcc/avr/5.4.0/../../../../avr/lib/avr6\libm.a(gesf2.o)
                              C:\Users\fishe\Documents\Work\CSC460\csc460\timer\timer\timer\ArduinoCore\Debug\libArduinoCore.a(Print.o) (__gtsf2)
c:/program files (x86)/atmel/studio/7.0/toolchain/avr8/avr8-gnu-toolchain/bin/../lib/gcc/avr/5.4.0/../../../../avr/lib/avr6\libm.a(mulsf3.o)
                              C:\Users\fishe\Documents\Work\CSC460\csc460\timer\timer\timer\ArduinoCore\Debug\libArduinoCore.a(Print.o) (__mulsf3)
c:/program files (x86)/atmel/studio/7.0/toolchain/avr8/avr8-gnu-toolchain/bin/../lib/gcc/avr/5.4.0/../../../../avr/lib/avr6\libm.a(mulsf3x.o)
                              c:/program files (x86)/atmel/studio/7.0/toolchain/avr8/avr8-gnu-toolchain/bin/../lib/gcc/avr/5.4.0/../../../../avr/lib/avr6\libm.a(mulsf3.o) (__mulsf3x)
c:/program files (x86)/atmel/studio/7.0/toolchain/avr8/avr8-gnu-toolchain/bin/../lib/gcc/avr/5.4.0/../../../../avr/lib/avr6\libm.a(unordsf2.o)
                              C:\Users\fishe\Documents\Work\CSC460\csc460\timer\timer\timer\ArduinoCore\Debug\libArduinoCore.a(Print.o) (__unordsf2)
c:/program files (x86)/atmel/studio/7.0/toolchain/avr8/avr8-gnu-toolchain/bin/../lib/gcc/avr/5.4.0/avr6\libgcc.a(_udivmodsi4.o)
                              C:\Users\fishe\Documents\Work\CSC460\csc460\timer\timer\timer\ArduinoCore\Debug\libArduinoCore.a(Print.o) (__udivmodsi4)
c:/program files (x86)/atmel/studio/7.0/toolchain/avr8/avr8-gnu-toolchain/bin/../lib/gcc/avr/5.4.0/avr6\libgcc.a(_exit.o)
                              C:/Program Files (x86)/Atmel/Studio/7.0/Packs/atmel/ATmega_DFP/1.2.150/gcc/dev/atmega2560/avr6/crtatmega2560.o (exit)
c:/program files (x86)/atmel/studio/7.0/toolchain/avr8/avr8-gnu-toolchain/bin/../lib/gcc/avr/5.4.0/avr6\libgcc.a(_tablejump2.o)
                              C:\Users\fishe\Documents\Work\CSC460\csc460\timer\timer\timer\ArduinoCore\Debug\libArduinoCore.a(wiring_digital.o) (__tablejump2__)
c:/program files (x86)/atmel/studio/7.0/toolchain/avr8/avr8-gnu-toolchain/bin/../lib/gcc/avr/5.4.0/avr6\libgcc.a(_copy_data.o)
                              C:\Users\fishe\Documents\Work\CSC460\csc460\timer\timer\timer\ArduinoCore\Debug\libArduinoCore.a(Print.o) (__do_copy_data)
c:/program files (x86)/atmel/studio/7.0/toolchain/avr8/avr8-gnu-toolchain/bin/../lib/gcc/avr/5.4.0/avr6\libgcc.a(_clear_bss.o)
                              Sketch.o (__do_clear_bss)
c:/program files (x86)/atmel/studio/7.0/toolchain/avr8/avr8-gnu-toolchain/bin/../lib/gcc/avr/5.4.0/avr6\libgcc.a(_ctors.o)
                              Sketch.o (__do_global_ctors)
c:/program files (x86)/atmel/studio/7.0/toolchain/avr8/avr8-gnu-toolchain/bin/../lib/gcc/avr/5.4.0/../../../../avr/lib/avr6\libc.a(abort.o)
                              C:\Users\fishe\Documents\Work\CSC460\csc460\timer\timer\timer\ArduinoCore\Debug\libArduinoCore.a(abi.o) (abort)

Discarded input sections

 .data          0x00000000        0x0 C:/Program Files (x86)/Atmel/Studio/7.0/Packs/atmel/ATmega_DFP/1.2.150/gcc/dev/atmega2560/avr6/crtatmega2560.o
 .bss           0x00000000        0x0 C:/Program Files (x86)/Atmel/Studio/7.0/Packs/atmel/ATmega_DFP/1.2.150/gcc/dev/atmega2560/avr6/crtatmega2560.o
 .text          0x00000000        0x0 Sketch.o
 .data          0x00000000        0x0 Sketch.o
 .bss           0x00000000        0x0 Sketch.o
 .group         0x00000000        0x8 C:\Users\fishe\Documents\Work\CSC460\csc460\timer\timer\timer\ArduinoCore\Debug\libArduinoCore.a(Print.o)
 .group         0x00000000        0x8 C:\Users\fishe\Documents\Work\CSC460\csc460\timer\timer\timer\ArduinoCore\Debug\libArduinoCore.a(Print.o)
 .group         0x00000000        0x8 C:\Users\fishe\Documents\Work\CSC460\csc460\timer\timer\timer\ArduinoCore\Debug\libArduinoCore.a(Print.o)
 .group         0x00000000        0x8 C:\Users\fishe\Documents\Work\CSC460\csc460\timer\timer\timer\ArduinoCore\Debug\libArduinoCore.a(Print.o)
 .text          0x00000000        0x0 C:\Users\fishe\Documents\Work\CSC460\csc460\timer\timer\timer\ArduinoCore\Debug\libArduinoCore.a(Print.o)
 .data          0x00000000        0x0 C:\Users\fishe\Documents\Work\CSC460\csc460\timer\timer\timer\ArduinoCore\Debug\libArduinoCore.a(Print.o)
 .bss           0x00000000        0x0 C:\Users\fishe\Documents\Work\CSC460\csc460\timer\timer\timer\ArduinoCore\Debug\libArduinoCore.a(Print.o)
 .text._ZN5Print5printEPK19__FlashStringHelper
                0x00000000       0x48 C:\Users\fishe\Documents\Work\CSC460\csc460\timer\timer\timer\ArduinoCore\Debug\libArduinoCore.a(Print.o)
 .text._ZN5Print5printERK6String
                0x00000000       0x1c C:\Users\fishe\Documents\Work\CSC460\csc460\timer\timer\timer\ArduinoCore\Debug\libArduinoCore.a(Print.o)
 .text._ZN5Print5printEPKc
                0x00000000        0x4 C:\Users\fishe\Documents\Work\CSC460\csc460\timer\timer\timer\ArduinoCore\Debug\libArduinoCore.a(Print.o)
 .text._ZN5Print5printERK9Printable
                0x00000000       0x14 C:\Users\fishe\Documents\Work\CSC460\csc460\timer\timer\timer\ArduinoCore\Debug\libArduinoCore.a(Print.o)
 .rodata.str1.1
                0x00000000        0xf C:\Users\fishe\Documents\Work\CSC460\csc460\timer\timer\timer\ArduinoCore\Debug\libArduinoCore.a(Print.o)
 .text._ZN5Print7printlnEv
                0x00000000        0x8 C:\Users\fishe\Documents\Work\CSC460\csc460\timer\timer\timer\ArduinoCore\Debug\libArduinoCore.a(Print.o)
 .text._ZN5Print7printlnEPK19__FlashStringHelper
                0x00000000       0x24 C:\Users\fishe\Documents\Work\CSC460\csc460\timer\timer\timer\ArduinoCore\Debug\libArduinoCore.a(Print.o)
 .text._ZN5Print7printlnERK6String
                0x00000000       0x24 C:\Users\fishe\Documents\Work\CSC460\csc460\timer\timer\timer\ArduinoCore\Debug\libArduinoCore.a(Print.o)
 .text._ZN5Print7printlnEPKc
                0x00000000       0x24 C:\Users\fishe\Documents\Work\CSC460\csc460\timer\timer\timer\ArduinoCore\Debug\libArduinoCore.a(Print.o)
 .text._ZN5Print7printlnEc
                0x00000000       0x24 C:\Users\fishe\Documents\Work\CSC460\csc460\timer\timer\timer\ArduinoCore\Debug\libArduinoCore.a(Print.o)
 .text._ZN5Print7printlnERK9Printable
                0x00000000       0x24 C:\Users\fishe\Documents\Work\CSC460\csc460\timer\timer\timer\ArduinoCore\Debug\libArduinoCore.a(Print.o)
 .text._ZN5Print5printEmi
                0x00000000       0x1a C:\Users\fishe\Documents\Work\CSC460\csc460\timer\timer\timer\ArduinoCore\Debug\libArduinoCore.a(Print.o)
 .text._ZN5Print5printEhi
                0x00000000        0xe C:\Users\fishe\Documents\Work\CSC460\csc460\timer\timer\timer\ArduinoCore\Debug\libArduinoCore.a(Print.o)
 .text._ZN5Print7printlnEhi
                0x00000000       0x24 C:\Users\fishe\Documents\Work\CSC460\csc460\timer\timer\timer\ArduinoCore\Debug\libArduinoCore.a(Print.o)
 .text._ZN5Print5printEji
                0x00000000        0xc C:\Users\fishe\Documents\Work\CSC460\csc460\timer\timer\timer\ArduinoCore\Debug\libArduinoCore.a(Print.o)
 .text._ZN5Print7printlnEji
                0x00000000       0x24 C:\Users\fishe\Documents\Work\CSC460\csc460\timer\timer\timer\ArduinoCore\Debug\libArduinoCore.a(Print.o)
 .text._ZN5Print7printlnEmi
                0x00000000       0x24 C:\Users\fishe\Documents\Work\CSC460\csc460\timer\timer\timer\ArduinoCore\Debug\libArduinoCore.a(Print.o)
 .text._ZN5Print7printlnEii
                0x00000000       0x24 C:\Users\fishe\Documents\Work\CSC460\csc460\timer\timer\timer\ArduinoCore\Debug\libArduinoCore.a(Print.o)
 .text._ZN5Print7printlnEli
                0x00000000       0x24 C:\Users\fishe\Documents\Work\CSC460\csc460\timer\timer\timer\ArduinoCore\Debug\libArduinoCore.a(Print.o)
 .text._ZN5Print10printFloatEdh
                0x00000000      0x1b6 C:\Users\fishe\Documents\Work\CSC460\csc460\timer\timer\timer\ArduinoCore\Debug\libArduinoCore.a(Print.o)
 .text._ZN5Print5printEdi
                0x00000000        0x4 C:\Users\fishe\Documents\Work\CSC460\csc460\timer\timer\timer\ArduinoCore\Debug\libArduinoCore.a(Print.o)
 .text._ZN5Print7printlnEdi
                0x00000000       0x24 C:\Users\fishe\Documents\Work\CSC460\csc460\timer\timer\timer\ArduinoCore\Debug\libArduinoCore.a(Print.o)
 .rodata._ZTV5Print
                0x00000000        0xc C:\Users\fishe\Documents\Work\CSC460\csc460\timer\timer\timer\ArduinoCore\Debug\libArduinoCore.a(Print.o)
 .group         0x00000000        0x8 C:\Users\fishe\Documents\Work\CSC460\csc460\timer\timer\timer\ArduinoCore\Debug\libArduinoCore.a(LiquidCrystal.o)
 .group         0x00000000        0x8 C:\Users\fishe\Documents\Work\CSC460\csc460\timer\timer\timer\ArduinoCore\Debug\libArduinoCore.a(LiquidCrystal.o)
 .group         0x00000000        0x8 C:\Users\fishe\Documents\Work\CSC460\csc460\timer\timer\timer\ArduinoCore\Debug\libArduinoCore.a(LiquidCrystal.o)
 .group         0x00000000        0x8 C:\Users\fishe\Documents\Work\CSC460\csc460\timer\timer\timer\ArduinoCore\Debug\libArduinoCore.a(LiquidCrystal.o)
 .group         0x00000000        0x8 C:\Users\fishe\Documents\Work\CSC460\csc460\timer\timer\timer\ArduinoCore\Debug\libArduinoCore.a(LiquidCrystal.o)
 .text          0x00000000        0x0 C:\Users\fishe\Documents\Work\CSC460\csc460\timer\timer\timer\ArduinoCore\Debug\libArduinoCore.a(LiquidCrystal.o)
 .data          0x00000000        0x0 C:\Users\fishe\Documents\Work\CSC460\csc460\timer\timer\timer\ArduinoCore\Debug\libArduinoCore.a(LiquidCrystal.o)
 .bss           0x00000000        0x0 C:\Users\fishe\Documents\Work\CSC460\csc460\timer\timer\timer\ArduinoCore\Debug\libArduinoCore.a(LiquidCrystal.o)
 .text._ZN5Print17availableForWriteEv
                0x00000000        0x6 C:\Users\fishe\Documents\Work\CSC460\csc460\timer\timer\timer\ArduinoCore\Debug\libArduinoCore.a(LiquidCrystal.o)
 .text._ZN5Print5flushEv
                0x00000000        0x2 C:\Users\fishe\Documents\Work\CSC460\csc460\timer\timer\timer\ArduinoCore\Debug\libArduinoCore.a(LiquidCrystal.o)
 .text._ZN13LiquidCrystal13setRowOffsetsEiiii
                0x00000000       0x10 C:\Users\fishe\Documents\Work\CSC460\csc460\timer\timer\timer\ArduinoCore\Debug\libArduinoCore.a(LiquidCrystal.o)
 .text._ZN13LiquidCrystal9setCursorEhh
                0x00000000       0x26 C:\Users\fishe\Documents\Work\CSC460\csc460\timer\timer\timer\ArduinoCore\Debug\libArduinoCore.a(LiquidCrystal.o)
 .text._ZN13LiquidCrystal9noDisplayEv
                0x00000000        0xe C:\Users\fishe\Documents\Work\CSC460\csc460\timer\timer\timer\ArduinoCore\Debug\libArduinoCore.a(LiquidCrystal.o)
 .text._ZN13LiquidCrystal4initEhhhhhhhhhhhh
                0x00000000       0x58 C:\Users\fishe\Documents\Work\CSC460\csc460\timer\timer\timer\ArduinoCore\Debug\libArduinoCore.a(LiquidCrystal.o)
 .text._ZN13LiquidCrystalC2Ehhhhhhhhhhh
                0x00000000       0x5a C:\Users\fishe\Documents\Work\CSC460\csc460\timer\timer\timer\ArduinoCore\Debug\libArduinoCore.a(LiquidCrystal.o)
 .text._ZN13LiquidCrystalC2Ehhhhhhhhhh
                0x00000000       0x5a C:\Users\fishe\Documents\Work\CSC460\csc460\timer\timer\timer\ArduinoCore\Debug\libArduinoCore.a(LiquidCrystal.o)
 .text._ZN13LiquidCrystalC2Ehhhhhhh
                0x00000000       0x42 C:\Users\fishe\Documents\Work\CSC460\csc460\timer\timer\timer\ArduinoCore\Debug\libArduinoCore.a(LiquidCrystal.o)
 .text._ZN13LiquidCrystal8noCursorEv
                0x00000000        0xe C:\Users\fishe\Documents\Work\CSC460\csc460\timer\timer\timer\ArduinoCore\Debug\libArduinoCore.a(LiquidCrystal.o)
 .text._ZN13LiquidCrystal6cursorEv
                0x00000000       0x10 C:\Users\fishe\Documents\Work\CSC460\csc460\timer\timer\timer\ArduinoCore\Debug\libArduinoCore.a(LiquidCrystal.o)
 .text._ZN13LiquidCrystal7noBlinkEv
                0x00000000        0xe C:\Users\fishe\Documents\Work\CSC460\csc460\timer\timer\timer\ArduinoCore\Debug\libArduinoCore.a(LiquidCrystal.o)
 .text._ZN13LiquidCrystal5blinkEv
                0x00000000       0x10 C:\Users\fishe\Documents\Work\CSC460\csc460\timer\timer\timer\ArduinoCore\Debug\libArduinoCore.a(LiquidCrystal.o)
 .text._ZN13LiquidCrystal17scrollDisplayLeftEv
                0x00000000        0x6 C:\Users\fishe\Documents\Work\CSC460\csc460\timer\timer\timer\ArduinoCore\Debug\libArduinoCore.a(LiquidCrystal.o)
 .text._ZN13LiquidCrystal18scrollDisplayRightEv
                0x00000000        0x6 C:\Users\fishe\Documents\Work\CSC460\csc460\timer\timer\timer\ArduinoCore\Debug\libArduinoCore.a(LiquidCrystal.o)
 .text._ZN13LiquidCrystal11leftToRightEv
                0x00000000       0x10 C:\Users\fishe\Documents\Work\CSC460\csc460\timer\timer\timer\ArduinoCore\Debug\libArduinoCore.a(LiquidCrystal.o)
 .text._ZN13LiquidCrystal11rightToLeftEv
                0x00000000        0xe C:\Users\fishe\Documents\Work\CSC460\csc460\timer\timer\timer\ArduinoCore\Debug\libArduinoCore.a(LiquidCrystal.o)
 .text._ZN13LiquidCrystal10autoscrollEv
                0x00000000       0x10 C:\Users\fishe\Documents\Work\CSC460\csc460\timer\timer\timer\ArduinoCore\Debug\libArduinoCore.a(LiquidCrystal.o)
 .text._ZN13LiquidCrystal12noAutoscrollEv
                0x00000000        0xe C:\Users\fishe\Documents\Work\CSC460\csc460\timer\timer\timer\ArduinoCore\Debug\libArduinoCore.a(LiquidCrystal.o)
 .text._ZN13LiquidCrystal10createCharEhPh
                0x00000000       0x50 C:\Users\fishe\Documents\Work\CSC460\csc460\timer\timer\timer\ArduinoCore\Debug\libArduinoCore.a(LiquidCrystal.o)
 .text          0x00000000        0x0 C:\Users\fishe\Documents\Work\CSC460\csc460\timer\timer\timer\ArduinoCore\Debug\libArduinoCore.a(abi.o)
 .data          0x00000000        0x0 C:\Users\fishe\Documents\Work\CSC460\csc460\timer\timer\timer\ArduinoCore\Debug\libArduinoCore.a(abi.o)
 .bss           0x00000000        0x0 C:\Users\fishe\Documents\Work\CSC460\csc460\timer\timer\timer\ArduinoCore\Debug\libArduinoCore.a(abi.o)
 .text.__cxa_pure_virtual
                0x00000000        0x4 C:\Users\fishe\Documents\Work\CSC460\csc460\timer\timer\timer\ArduinoCore\Debug\libArduinoCore.a(abi.o)
 .text.__cxa_deleted_virtual
                0x00000000        0x4 C:\Users\fishe\Documents\Work\CSC460\csc460\timer\timer\timer\ArduinoCore\Debug\libArduinoCore.a(abi.o)
 .debug_info    0x00000000       0x76 C:\Users\fishe\Documents\Work\CSC460\csc460\timer\timer\timer\ArduinoCore\Debug\libArduinoCore.a(abi.o)
 .debug_abbrev  0x00000000       0x6d C:\Users\fishe\Documents\Work\CSC460\csc460\timer\timer\timer\ArduinoCore\Debug\libArduinoCore.a(abi.o)
 .debug_aranges
                0x00000000       0x20 C:\Users\fishe\Documents\Work\CSC460\csc460\timer\timer\timer\ArduinoCore\Debug\libArduinoCore.a(abi.o)
 .debug_ranges  0x00000000       0x10 C:\Users\fishe\Documents\Work\CSC460\csc460\timer\timer\timer\ArduinoCore\Debug\libArduinoCore.a(abi.o)
 .debug_line    0x00000000       0xa9 C:\Users\fishe\Documents\Work\CSC460\csc460\timer\timer\timer\ArduinoCore\Debug\libArduinoCore.a(abi.o)
 .debug_str     0x00000000      0x1a1 C:\Users\fishe\Documents\Work\CSC460\csc460\timer\timer\timer\ArduinoCore\Debug\libArduinoCore.a(abi.o)
 .comment       0x00000000       0x31 C:\Users\fishe\Documents\Work\CSC460\csc460\timer\timer\timer\ArduinoCore\Debug\libArduinoCore.a(abi.o)
 .debug_frame   0x00000000       0x34 C:\Users\fishe\Documents\Work\CSC460\csc460\timer\timer\timer\ArduinoCore\Debug\libArduinoCore.a(abi.o)
 .text          0x00000000        0x0 C:\Users\fishe\Documents\Work\CSC460\csc460\timer\timer\timer\ArduinoCore\Debug\libArduinoCore.a(wiring.o)
 .data          0x00000000        0x0 C:\Users\fishe\Documents\Work\CSC460\csc460\timer\timer\timer\ArduinoCore\Debug\libArduinoCore.a(wiring.o)
 .bss           0x00000000        0x0 C:\Users\fishe\Documents\Work\CSC460\csc460\timer\timer\timer\ArduinoCore\Debug\libArduinoCore.a(wiring.o)
 .text.millis   0x00000000       0x18 C:\Users\fishe\Documents\Work\CSC460\csc460\timer\timer\timer\ArduinoCore\Debug\libArduinoCore.a(wiring.o)
 .text.micros   0x00000000       0x4a C:\Users\fishe\Documents\Work\CSC460\csc460\timer\timer\timer\ArduinoCore\Debug\libArduinoCore.a(wiring.o)
 .text.delay    0x00000000       0x78 C:\Users\fishe\Documents\Work\CSC460\csc460\timer\timer\timer\ArduinoCore\Debug\libArduinoCore.a(wiring.o)
 .text.init     0x00000000       0xc4 C:\Users\fishe\Documents\Work\CSC460\csc460\timer\timer\timer\ArduinoCore\Debug\libArduinoCore.a(wiring.o)
 .text          0x00000000        0x0 C:\Users\fishe\Documents\Work\CSC460\csc460\timer\timer\timer\ArduinoCore\Debug\libArduinoCore.a(wiring_digital.o)
 .data          0x00000000        0x0 C:\Users\fishe\Documents\Work\CSC460\csc460\timer\timer\timer\ArduinoCore\Debug\libArduinoCore.a(wiring_digital.o)
 .bss           0x00000000        0x0 C:\Users\fishe\Documents\Work\CSC460\csc460\timer\timer\timer\ArduinoCore\Debug\libArduinoCore.a(wiring_digital.o)
 .text.digitalRead
                0x00000000       0x52 C:\Users\fishe\Documents\Work\CSC460\csc460\timer\timer\timer\ArduinoCore\Debug\libArduinoCore.a(wiring_digital.o)
 .progmem.data.port_to_input_PGM
                0x00000000       0x1a C:\Users\fishe\Documents\Work\CSC460\csc460\timer\timer\timer\ArduinoCore\Debug\libArduinoCore.a(wiring_digital.o)
 .text          0x00000000        0x0 C:\Users\fishe\Documents\Work\CSC460\csc460\timer\timer\timer\ArduinoCore\Debug\libArduinoCore.a(hooks.o)
 .data          0x00000000        0x0 C:\Users\fishe\Documents\Work\CSC460\csc460\timer\timer\timer\ArduinoCore\Debug\libArduinoCore.a(hooks.o)
 .bss           0x00000000        0x0 C:\Users\fishe\Documents\Work\CSC460\csc460\timer\timer\timer\ArduinoCore\Debug\libArduinoCore.a(hooks.o)
 .text.__empty  0x00000000        0x2 C:\Users\fishe\Documents\Work\CSC460\csc460\timer\timer\timer\ArduinoCore\Debug\libArduinoCore.a(hooks.o)
 .debug_info    0x00000000       0x3e C:\Users\fishe\Documents\Work\CSC460\csc460\timer\timer\timer\ArduinoCore\Debug\libArduinoCore.a(hooks.o)
 .debug_abbrev  0x00000000       0x2a C:\Users\fishe\Documents\Work\CSC460\csc460\timer\timer\timer\ArduinoCore\Debug\libArduinoCore.a(hooks.o)
 .debug_aranges
                0x00000000       0x20 C:\Users\fishe\Documents\Work\CSC460\csc460\timer\timer\timer\ArduinoCore\Debug\libArduinoCore.a(hooks.o)
 .debug_ranges  0x00000000       0x10 C:\Users\fishe\Documents\Work\CSC460\csc460\timer\timer\timer\ArduinoCore\Debug\libArduinoCore.a(hooks.o)
 .debug_line    0x00000000       0x41 C:\Users\fishe\Documents\Work\CSC460\csc460\timer\timer\timer\ArduinoCore\Debug\libArduinoCore.a(hooks.o)
 .debug_str     0x00000000      0x142 C:\Users\fishe\Documents\Work\CSC460\csc460\timer\timer\timer\ArduinoCore\Debug\libArduinoCore.a(hooks.o)
 .comment       0x00000000       0x31 C:\Users\fishe\Documents\Work\CSC460\csc460\timer\timer\timer\ArduinoCore\Debug\libArduinoCore.a(hooks.o)
 .debug_frame   0x00000000       0x24 C:\Users\fishe\Documents\Work\CSC460\csc460\timer\timer\timer\ArduinoCore\Debug\libArduinoCore.a(hooks.o)
 .text          0x00000000        0x0 c:/program files (x86)/atmel/studio/7.0/toolchain/avr8/avr8-gnu-toolchain/bin/../lib/gcc/avr/5.4.0/../../../../avr/lib/avr6\libm.a(addsf3.o)
 .data          0x00000000        0x0 c:/program files (x86)/atmel/studio/7.0/toolchain/avr8/avr8-gnu-toolchain/bin/../lib/gcc/avr/5.4.0/../../../../avr/lib/avr6\libm.a(addsf3.o)
 .bss           0x00000000        0x0 c:/program files (x86)/atmel/studio/7.0/toolchain/avr8/avr8-gnu-toolchain/bin/../lib/gcc/avr/5.4.0/../../../../avr/lib/avr6\libm.a(addsf3.o)
 .text.avr-libc.fplib
                0x00000000        0xe c:/program files (x86)/atmel/studio/7.0/toolchain/avr8/avr8-gnu-toolchain/bin/../lib/gcc/avr/5.4.0/../../../../avr/lib/avr6\libm.a(addsf3.o)
 .text          0x00000000        0x0 c:/program files (x86)/atmel/studio/7.0/toolchain/avr8/avr8-gnu-toolchain/bin/../lib/gcc/avr/5.4.0/../../../../avr/lib/avr6\libm.a(addsf3x.o)
 .data          0x00000000        0x0 c:/program files (x86)/atmel/studio/7.0/toolchain/avr8/avr8-gnu-toolchain/bin/../lib/gcc/avr/5.4.0/../../../../avr/lib/avr6\libm.a(addsf3x.o)
 .bss           0x00000000        0x0 c:/program files (x86)/atmel/studio/7.0/toolchain/avr8/avr8-gnu-toolchain/bin/../lib/gcc/avr/5.4.0/../../../../avr/lib/avr6\libm.a(addsf3x.o)
 .text.avr-libc.fplib
                0x00000000       0xcc c:/program files (x86)/atmel/studio/7.0/toolchain/avr8/avr8-gnu-toolchain/bin/../lib/gcc/avr/5.4.0/../../../../avr/lib/avr6\libm.a(addsf3x.o)
 .text          0x00000000        0x0 c:/program files (x86)/atmel/studio/7.0/toolchain/avr8/avr8-gnu-toolchain/bin/../lib/gcc/avr/5.4.0/../../../../avr/lib/avr6\libm.a(cmpsf2.o)
 .data          0x00000000        0x0 c:/program files (x86)/atmel/studio/7.0/toolchain/avr8/avr8-gnu-toolchain/bin/../lib/gcc/avr/5.4.0/../../../../avr/lib/avr6\libm.a(cmpsf2.o)
 .bss           0x00000000        0x0 c:/program files (x86)/atmel/studio/7.0/toolchain/avr8/avr8-gnu-toolchain/bin/../lib/gcc/avr/5.4.0/../../../../avr/lib/avr6\libm.a(cmpsf2.o)
 .text.avr-libc.fplib
                0x00000000        0xa c:/program files (x86)/atmel/studio/7.0/toolchain/avr8/avr8-gnu-toolchain/bin/../lib/gcc/avr/5.4.0/../../../../avr/lib/avr6\libm.a(cmpsf2.o)
 .text          0x00000000        0x0 c:/program files (x86)/atmel/studio/7.0/toolchain/avr8/avr8-gnu-toolchain/bin/../lib/gcc/avr/5.4.0/../../../../avr/lib/avr6\libm.a(divsf3.o)
 .data          0x00000000        0x0 c:/program files (x86)/atmel/studio/7.0/toolchain/avr8/avr8-gnu-toolchain/bin/../lib/gcc/avr/5.4.0/../../../../avr/lib/avr6\libm.a(divsf3.o)
 .bss           0x00000000        0x0 c:/program files (x86)/atmel/studio/7.0/toolchain/avr8/avr8-gnu-toolchain/bin/../lib/gcc/avr/5.4.0/../../../../avr/lib/avr6\libm.a(divsf3.o)
 .text.avr-libc.fplib
                0x00000000        0x8 c:/program files (x86)/atmel/studio/7.0/toolchain/avr8/avr8-gnu-toolchain/bin/../lib/gcc/avr/5.4.0/../../../../avr/lib/avr6\libm.a(divsf3.o)
 .text          0x00000000        0x0 c:/program files (x86)/atmel/studio/7.0/toolchain/avr8/avr8-gnu-toolchain/bin/../lib/gcc/avr/5.4.0/../../../../avr/lib/avr6\libm.a(divsf3x.o)
 .data          0x00000000        0x0 c:/program files (x86)/atmel/studio/7.0/toolchain/avr8/avr8-gnu-toolchain/bin/../lib/gcc/avr/5.4.0/../../../../avr/lib/avr6\libm.a(divsf3x.o)
 .bss           0x00000000        0x0 c:/program files (x86)/atmel/studio/7.0/toolchain/avr8/avr8-gnu-toolchain/bin/../lib/gcc/avr/5.4.0/../../../../avr/lib/avr6\libm.a(divsf3x.o)
 .text.avr-libc.fplib
                0x00000000       0xdc c:/program files (x86)/atmel/studio/7.0/toolchain/avr8/avr8-gnu-toolchain/bin/../lib/gcc/avr/5.4.0/../../../../avr/lib/avr6\libm.a(divsf3x.o)
 .text          0x00000000        0x0 c:/program files (x86)/atmel/studio/7.0/toolchain/avr8/avr8-gnu-toolchain/bin/../lib/gcc/avr/5.4.0/../../../../avr/lib/avr6\libm.a(fixunssfsi.o)
 .data          0x00000000        0x0 c:/program files (x86)/atmel/studio/7.0/toolchain/avr8/avr8-gnu-toolchain/bin/../lib/gcc/avr/5.4.0/../../../../avr/lib/avr6\libm.a(fixunssfsi.o)
 .bss           0x00000000        0x0 c:/program files (x86)/atmel/studio/7.0/toolchain/avr8/avr8-gnu-toolchain/bin/../lib/gcc/avr/5.4.0/../../../../avr/lib/avr6\libm.a(fixunssfsi.o)
 .text.avr-libc.fplib
                0x00000000       0x5e c:/program files (x86)/atmel/studio/7.0/toolchain/avr8/avr8-gnu-toolchain/bin/../lib/gcc/avr/5.4.0/../../../../avr/lib/avr6\libm.a(fixunssfsi.o)
 .text          0x00000000        0x0 c:/program files (x86)/atmel/studio/7.0/toolchain/avr8/avr8-gnu-toolchain/bin/../lib/gcc/avr/5.4.0/../../../../avr/lib/avr6\libm.a(floatsisf.o)
 .data          0x00000000        0x0 c:/program files (x86)/atmel/studio/7.0/toolchain/avr8/avr8-gnu-toolchain/bin/../lib/gcc/avr/5.4.0/../../../../avr/lib/avr6\libm.a(floatsisf.o)
 .bss           0x00000000        0x0 c:/program files (x86)/atmel/studio/7.0/toolchain/avr8/avr8-gnu-toolchain/bin/../lib/gcc/avr/5.4.0/../../../../avr/lib/avr6\libm.a(floatsisf.o)
 .text.avr-libc.fplib
                0x00000000       0x7a c:/program files (x86)/atmel/studio/7.0/toolchain/avr8/avr8-gnu-toolchain/bin/../lib/gcc/avr/5.4.0/../../../../avr/lib/avr6\libm.a(floatsisf.o)
 .text          0x00000000        0x0 c:/program files (x86)/atmel/studio/7.0/toolchain/avr8/avr8-gnu-toolchain/bin/../lib/gcc/avr/5.4.0/../../../../avr/lib/avr6\libm.a(fp_cmp.o)
 .data          0x00000000        0x0 c:/program files (x86)/atmel/studio/7.0/toolchain/avr8/avr8-gnu-toolchain/bin/../lib/gcc/avr/5.4.0/../../../../avr/lib/avr6\libm.a(fp_cmp.o)
 .bss           0x00000000        0x0 c:/program files (x86)/atmel/studio/7.0/toolchain/avr8/avr8-gnu-toolchain/bin/../lib/gcc/avr/5.4.0/../../../../avr/lib/avr6\libm.a(fp_cmp.o)
 .text.avr-libc.fplib
                0x00000000       0x48 c:/program files (x86)/atmel/studio/7.0/toolchain/avr8/avr8-gnu-toolchain/bin/../lib/gcc/avr/5.4.0/../../../../avr/lib/avr6\libm.a(fp_cmp.o)
 .text          0x00000000        0x0 c:/program files (x86)/atmel/studio/7.0/toolchain/avr8/avr8-gnu-toolchain/bin/../lib/gcc/avr/5.4.0/../../../../avr/lib/avr6\libm.a(fp_inf.o)
 .data          0x00000000        0x0 c:/program files (x86)/atmel/studio/7.0/toolchain/avr8/avr8-gnu-toolchain/bin/../lib/gcc/avr/5.4.0/../../../../avr/lib/avr6\libm.a(fp_inf.o)
 .bss           0x00000000        0x0 c:/program files (x86)/atmel/studio/7.0/toolchain/avr8/avr8-gnu-toolchain/bin/../lib/gcc/avr/5.4.0/../../../../avr/lib/avr6\libm.a(fp_inf.o)
 .text.avr-libc.fplib
                0x00000000        0xc c:/program files (x86)/atmel/studio/7.0/toolchain/avr8/avr8-gnu-toolchain/bin/../lib/gcc/avr/5.4.0/../../../../avr/lib/avr6\libm.a(fp_inf.o)
 .text          0x00000000        0x0 c:/program files (x86)/atmel/studio/7.0/toolchain/avr8/avr8-gnu-toolchain/bin/../lib/gcc/avr/5.4.0/../../../../avr/lib/avr6\libm.a(fp_nan.o)
 .data          0x00000000        0x0 c:/program files (x86)/atmel/studio/7.0/toolchain/avr8/avr8-gnu-toolchain/bin/../lib/gcc/avr/5.4.0/../../../../avr/lib/avr6\libm.a(fp_nan.o)
 .bss           0x00000000        0x0 c:/program files (x86)/atmel/studio/7.0/toolchain/avr8/avr8-gnu-toolchain/bin/../lib/gcc/avr/5.4.0/../../../../avr/lib/avr6\libm.a(fp_nan.o)
 .text.avr-libc.fplib
                0x00000000        0x6 c:/program files (x86)/atmel/studio/7.0/toolchain/avr8/avr8-gnu-toolchain/bin/../lib/gcc/avr/5.4.0/../../../../avr/lib/avr6\libm.a(fp_nan.o)
 .text          0x00000000        0x0 c:/program files (x86)/atmel/studio/7.0/toolchain/avr8/avr8-gnu-toolchain/bin/../lib/gcc/avr/5.4.0/../../../../avr/lib/avr6\libm.a(fp_pscA.o)
 .data          0x00000000        0x0 c:/program files (x86)/atmel/studio/7.0/toolchain/avr8/avr8-gnu-toolchain/bin/../lib/gcc/avr/5.4.0/../../../../avr/lib/avr6\libm.a(fp_pscA.o)
 .bss           0x00000000        0x0 c:/program files (x86)/atmel/studio/7.0/toolchain/avr8/avr8-gnu-toolchain/bin/../lib/gcc/avr/5.4.0/../../../../avr/lib/avr6\libm.a(fp_pscA.o)
 .text.avr-libc.fplib
                0x00000000        0xe c:/program files (x86)/atmel/studio/7.0/toolchain/avr8/avr8-gnu-toolchain/bin/../lib/gcc/avr/5.4.0/../../../../avr/lib/avr6\libm.a(fp_pscA.o)
 .text          0x00000000        0x0 c:/program files (x86)/atmel/studio/7.0/toolchain/avr8/avr8-gnu-toolchain/bin/../lib/gcc/avr/5.4.0/../../../../avr/lib/avr6\libm.a(fp_pscB.o)
 .data          0x00000000        0x0 c:/program files (x86)/atmel/studio/7.0/toolchain/avr8/avr8-gnu-toolchain/bin/../lib/gcc/avr/5.4.0/../../../../avr/lib/avr6\libm.a(fp_pscB.o)
 .bss           0x00000000        0x0 c:/program files (x86)/atmel/studio/7.0/toolchain/avr8/avr8-gnu-toolchain/bin/../lib/gcc/avr/5.4.0/../../../../avr/lib/avr6\libm.a(fp_pscB.o)
 .text.avr-libc.fplib
                0x00000000        0xe c:/program files (x86)/atmel/studio/7.0/toolchain/avr8/avr8-gnu-toolchain/bin/../lib/gcc/avr/5.4.0/../../../../avr/lib/avr6\libm.a(fp_pscB.o)
 .text          0x00000000        0x0 c:/program files (x86)/atmel/studio/7.0/toolchain/avr8/avr8-gnu-toolchain/bin/../lib/gcc/avr/5.4.0/../../../../avr/lib/avr6\libm.a(fp_round.o)
 .data          0x00000000        0x0 c:/program files (x86)/atmel/studio/7.0/toolchain/avr8/avr8-gnu-toolchain/bin/../lib/gcc/avr/5.4.0/../../../../avr/lib/avr6\libm.a(fp_round.o)
 .bss           0x00000000        0x0 c:/program files (x86)/atmel/studio/7.0/toolchain/avr8/avr8-gnu-toolchain/bin/../lib/gcc/avr/5.4.0/../../../../avr/lib/avr6\libm.a(fp_round.o)
 .text.avr-libc.fplib
                0x00000000       0x22 c:/program files (x86)/atmel/studio/7.0/toolchain/avr8/avr8-gnu-toolchain/bin/../lib/gcc/avr/5.4.0/../../../../avr/lib/avr6\libm.a(fp_round.o)
 .text          0x00000000        0x0 c:/program files (x86)/atmel/studio/7.0/toolchain/avr8/avr8-gnu-toolchain/bin/../lib/gcc/avr/5.4.0/../../../../avr/lib/avr6\libm.a(fp_split3.o)
 .data          0x00000000        0x0 c:/program files (x86)/atmel/studio/7.0/toolchain/avr8/avr8-gnu-toolchain/bin/../lib/gcc/avr/5.4.0/../../../../avr/lib/avr6\libm.a(fp_split3.o)
 .bss           0x00000000        0x0 c:/program files (x86)/atmel/studio/7.0/toolchain/avr8/avr8-gnu-toolchain/bin/../lib/gcc/avr/5.4.0/../../../../avr/lib/avr6\libm.a(fp_split3.o)
 .text.avr-libc.fplib
                0x00000000       0x44 c:/program files (x86)/atmel/studio/7.0/toolchain/avr8/avr8-gnu-toolchain/bin/../lib/gcc/avr/5.4.0/../../../../avr/lib/avr6\libm.a(fp_split3.o)
 .text          0x00000000        0x0 c:/program files (x86)/atmel/studio/7.0/toolchain/avr8/avr8-gnu-toolchain/bin/../lib/gcc/avr/5.4.0/../../../../avr/lib/avr6\libm.a(fp_zero.o)
 .data          0x00000000        0x0 c:/program files (x86)/atmel/studio/7.0/toolchain/avr8/avr8-gnu-toolchain/bin/../lib/gcc/avr/5.4.0/../../../../avr/lib/avr6\libm.a(fp_zero.o)
 .bss           0x00000000        0x0 c:/program files (x86)/atmel/studio/7.0/toolchain/avr8/avr8-gnu-toolchain/bin/../lib/gcc/avr/5.4.0/../../../../avr/lib/avr6\libm.a(fp_zero.o)
 .text.avr-libc.fplib
                0x00000000        0xe c:/program files (x86)/atmel/studio/7.0/toolchain/avr8/avr8-gnu-toolchain/bin/../lib/gcc/avr/5.4.0/../../../../avr/lib/avr6\libm.a(fp_zero.o)
 .text          0x00000000        0x0 c:/program files (x86)/atmel/studio/7.0/toolchain/avr8/avr8-gnu-toolchain/bin/../lib/gcc/avr/5.4.0/../../../../avr/lib/avr6\libm.a(gesf2.o)
 .data          0x00000000        0x0 c:/program files (x86)/atmel/studio/7.0/toolchain/avr8/avr8-gnu-toolchain/bin/../lib/gcc/avr/5.4.0/../../../../avr/lib/avr6\libm.a(gesf2.o)
 .bss           0x00000000        0x0 c:/program files (x86)/atmel/studio/7.0/toolchain/avr8/avr8-gnu-toolchain/bin/../lib/gcc/avr/5.4.0/../../../../avr/lib/avr6\libm.a(gesf2.o)
 .text.avr-libc.fplib
                0x00000000        0xa c:/program files (x86)/atmel/studio/7.0/toolchain/avr8/avr8-gnu-toolchain/bin/../lib/gcc/avr/5.4.0/../../../../avr/lib/avr6\libm.a(gesf2.o)
 .text          0x00000000        0x0 c:/program files (x86)/atmel/studio/7.0/toolchain/avr8/avr8-gnu-toolchain/bin/../lib/gcc/avr/5.4.0/../../../../avr/lib/avr6\libm.a(mulsf3.o)
 .data          0x00000000        0x0 c:/program files (x86)/atmel/studio/7.0/toolchain/avr8/avr8-gnu-toolchain/bin/../lib/gcc/avr/5.4.0/../../../../avr/lib/avr6\libm.a(mulsf3.o)
 .bss           0x00000000        0x0 c:/program files (x86)/atmel/studio/7.0/toolchain/avr8/avr8-gnu-toolchain/bin/../lib/gcc/avr/5.4.0/../../../../avr/lib/avr6\libm.a(mulsf3.o)
 .text.avr-libc.fplib
                0x00000000        0x8 c:/program files (x86)/atmel/studio/7.0/toolchain/avr8/avr8-gnu-toolchain/bin/../lib/gcc/avr/5.4.0/../../../../avr/lib/avr6\libm.a(mulsf3.o)
 .text          0x00000000        0x0 c:/program files (x86)/atmel/studio/7.0/toolchain/avr8/avr8-gnu-toolchain/bin/../lib/gcc/avr/5.4.0/../../../../avr/lib/avr6\libm.a(mulsf3x.o)
 .data          0x00000000        0x0 c:/program files (x86)/atmel/studio/7.0/toolchain/avr8/avr8-gnu-toolchain/bin/../lib/gcc/avr/5.4.0/../../../../avr/lib/avr6\libm.a(mulsf3x.o)
 .bss           0x00000000        0x0 c:/program files (x86)/atmel/studio/7.0/toolchain/avr8/avr8-gnu-toolchain/bin/../lib/gcc/avr/5.4.0/../../../../avr/lib/avr6\libm.a(mulsf3x.o)
 .text.avr-libc.fplib
                0x00000000       0xd2 c:/program files (x86)/atmel/studio/7.0/toolchain/avr8/avr8-gnu-toolchain/bin/../lib/gcc/avr/5.4.0/../../../../avr/lib/avr6\libm.a(mulsf3x.o)
 .text          0x00000000        0x0 c:/program files (x86)/atmel/studio/7.0/toolchain/avr8/avr8-gnu-toolchain/bin/../lib/gcc/avr/5.4.0/../../../../avr/lib/avr6\libm.a(unordsf2.o)
 .data          0x00000000        0x0 c:/program files (x86)/atmel/studio/7.0/toolchain/avr8/avr8-gnu-toolchain/bin/../lib/gcc/avr/5.4.0/../../../../avr/lib/avr6\libm.a(unordsf2.o)
 .bss           0x00000000        0x0 c:/program files (x86)/atmel/studio/7.0/toolchain/avr8/avr8-gnu-toolchain/bin/../lib/gcc/avr/5.4.0/../../../../avr/lib/avr6\libm.a(unordsf2.o)
 .text.avr-libc.fplib
                0x00000000        0xa c:/program files (x86)/atmel/studio/7.0/toolchain/avr8/avr8-gnu-toolchain/bin/../lib/gcc/avr/5.4.0/../../../../avr/lib/avr6\libm.a(unordsf2.o)
 .text          0x00000000        0x0 c:/program files (x86)/atmel/studio/7.0/toolchain/avr8/avr8-gnu-toolchain/bin/../lib/gcc/avr/5.4.0/avr6\libgcc.a(_udivmodsi4.o)
 .data          0x00000000        0x0 c:/program files (x86)/atmel/studio/7.0/toolchain/avr8/avr8-gnu-toolchain/bin/../lib/gcc/avr/5.4.0/avr6\libgcc.a(_udivmodsi4.o)
 .bss           0x00000000        0x0 c:/program files (x86)/atmel/studio/7.0/toolchain/avr8/avr8-gnu-toolchain/bin/../lib/gcc/avr/5.4.0/avr6\libgcc.a(_udivmodsi4.o)
 .text.libgcc.mul
                0x00000000        0x0 c:/program files (x86)/atmel/studio/7.0/toolchain/avr8/avr8-gnu-toolchain/bin/../lib/gcc/avr/5.4.0/avr6\libgcc.a(_udivmodsi4.o)
 .text.libgcc   0x00000000        0x0 c:/program files (x86)/atmel/studio/7.0/toolchain/avr8/avr8-gnu-toolchain/bin/../lib/gcc/avr/5.4.0/avr6\libgcc.a(_udivmodsi4.o)
 .text.libgcc.prologue
                0x00000000        0x0 c:/program files (x86)/atmel/studio/7.0/toolchain/avr8/avr8-gnu-toolchain/bin/../lib/gcc/avr/5.4.0/avr6\libgcc.a(_udivmodsi4.o)
 .text.libgcc.builtins
                0x00000000        0x0 c:/program files (x86)/atmel/studio/7.0/toolchain/avr8/avr8-gnu-toolchain/bin/../lib/gcc/avr/5.4.0/avr6\libgcc.a(_udivmodsi4.o)
 .text.libgcc.fmul
                0x00000000        0x0 c:/program files (x86)/atmel/studio/7.0/toolchain/avr8/avr8-gnu-toolchain/bin/../lib/gcc/avr/5.4.0/avr6\libgcc.a(_udivmodsi4.o)
 .text.libgcc.fixed
                0x00000000        0x0 c:/program files (x86)/atmel/studio/7.0/toolchain/avr8/avr8-gnu-toolchain/bin/../lib/gcc/avr/5.4.0/avr6\libgcc.a(_udivmodsi4.o)
 .text          0x00000000        0x0 c:/program files (x86)/atmel/studio/7.0/toolchain/avr8/avr8-gnu-toolchain/bin/../lib/gcc/avr/5.4.0/avr6\libgcc.a(_exit.o)
 .data          0x00000000        0x0 c:/program files (x86)/atmel/studio/7.0/toolchain/avr8/avr8-gnu-toolchain/bin/../lib/gcc/avr/5.4.0/avr6\libgcc.a(_exit.o)
 .bss           0x00000000        0x0 c:/program files (x86)/atmel/studio/7.0/toolchain/avr8/avr8-gnu-toolchain/bin/../lib/gcc/avr/5.4.0/avr6\libgcc.a(_exit.o)
 .text.libgcc.mul
                0x00000000        0x0 c:/program files (x86)/atmel/studio/7.0/toolchain/avr8/avr8-gnu-toolchain/bin/../lib/gcc/avr/5.4.0/avr6\libgcc.a(_exit.o)
 .text.libgcc.div
                0x00000000        0x0 c:/program files (x86)/atmel/studio/7.0/toolchain/avr8/avr8-gnu-toolchain/bin/../lib/gcc/avr/5.4.0/avr6\libgcc.a(_exit.o)
 .text.libgcc   0x00000000        0x0 c:/program files (x86)/atmel/studio/7.0/toolchain/avr8/avr8-gnu-toolchain/bin/../lib/gcc/avr/5.4.0/avr6\libgcc.a(_exit.o)
 .text.libgcc.prologue
                0x00000000        0x0 c:/program files (x86)/atmel/studio/7.0/toolchain/avr8/avr8-gnu-toolchain/bin/../lib/gcc/avr/5.4.0/avr6\libgcc.a(_exit.o)
 .text.libgcc.builtins
                0x00000000        0x0 c:/program files (x86)/atmel/studio/7.0/toolchain/avr8/avr8-gnu-toolchain/bin/../lib/gcc/avr/5.4.0/avr6\libgcc.a(_exit.o)
 .text.libgcc.fmul
                0x00000000        0x0 c:/program files (x86)/atmel/studio/7.0/toolchain/avr8/avr8-gnu-toolchain/bin/../lib/gcc/avr/5.4.0/avr6\libgcc.a(_exit.o)
 .text.libgcc.fixed
                0x00000000        0x0 c:/program files (x86)/atmel/studio/7.0/toolchain/avr8/avr8-gnu-toolchain/bin/../lib/gcc/avr/5.4.0/avr6\libgcc.a(_exit.o)
 .text          0x00000000        0x0 c:/program files (x86)/atmel/studio/7.0/toolchain/avr8/avr8-gnu-toolchain/bin/../lib/gcc/avr/5.4.0/avr6\libgcc.a(_tablejump2.o)
 .data          0x00000000        0x0 c:/program files (x86)/atmel/studio/7.0/toolchain/avr8/avr8-gnu-toolchain/bin/../lib/gcc/avr/5.4.0/avr6\libgcc.a(_tablejump2.o)
 .bss           0x00000000        0x0 c:/program files (x86)/atmel/studio/7.0/toolchain/avr8/avr8-gnu-toolchain/bin/../lib/gcc/avr/5.4.0/avr6\libgcc.a(_tablejump2.o)
 .text.libgcc.mul
                0x00000000        0x0 c:/program files (x86)/atmel/studio/7.0/toolchain/avr8/avr8-gnu-toolchain/bin/../lib/gcc/avr/5.4.0/avr6\libgcc.a(_tablejump2.o)
 .text.libgcc.div
                0x00000000        0x0 c:/program files (x86)/atmel/studio/7.0/toolchain/avr8/avr8-gnu-toolchain/bin/../lib/gcc/avr/5.4.0/avr6\libgcc.a(_tablejump2.o)
 .text.libgcc.prologue
                0x00000000        0x0 c:/program files (x86)/atmel/studio/7.0/toolchain/avr8/avr8-gnu-toolchain/bin/../lib/gcc/avr/5.4.0/avr6\libgcc.a(_tablejump2.o)
 .text.libgcc.builtins
                0x00000000        0x0 c:/program files (x86)/atmel/studio/7.0/toolchain/avr8/avr8-gnu-toolchain/bin/../lib/gcc/avr/5.4.0/avr6\libgcc.a(_tablejump2.o)
 .text.libgcc.fmul
                0x00000000        0x0 c:/program files (x86)/atmel/studio/7.0/toolchain/avr8/avr8-gnu-toolchain/bin/../lib/gcc/avr/5.4.0/avr6\libgcc.a(_tablejump2.o)
 .text.libgcc.fixed
                0x00000000        0x0 c:/program files (x86)/atmel/studio/7.0/toolchain/avr8/avr8-gnu-toolchain/bin/../lib/gcc/avr/5.4.0/avr6\libgcc.a(_tablejump2.o)
 .text          0x00000000        0x0 c:/program files (x86)/atmel/studio/7.0/toolchain/avr8/avr8-gnu-toolchain/bin/../lib/gcc/avr/5.4.0/avr6\libgcc.a(_copy_data.o)
 .data          0x00000000        0x0 c:/program files (x86)/atmel/studio/7.0/toolchain/avr8/avr8-gnu-toolchain/bin/../lib/gcc/avr/5.4.0/avr6\libgcc.a(_copy_data.o)
 .bss           0x00000000        0x0 c:/program files (x86)/atmel/studio/7.0/toolchain/avr8/avr8-gnu-toolchain/bin/../lib/gcc/avr/5.4.0/avr6\libgcc.a(_copy_data.o)
 .text.libgcc.mul
                0x00000000        0x0 c:/program files (x86)/atmel/studio/7.0/toolchain/avr8/avr8-gnu-toolchain/bin/../lib/gcc/avr/5.4.0/avr6\libgcc.a(_copy_data.o)
 .text.libgcc.div
                0x00000000        0x0 c:/program files (x86)/atmel/studio/7.0/toolchain/avr8/avr8-gnu-toolchain/bin/../lib/gcc/avr/5.4.0/avr6\libgcc.a(_copy_data.o)
 .text.libgcc   0x00000000        0x0 c:/program files (x86)/atmel/studio/7.0/toolchain/avr8/avr8-gnu-toolchain/bin/../lib/gcc/avr/5.4.0/avr6\libgcc.a(_copy_data.o)
 .text.libgcc.prologue
                0x00000000        0x0 c:/program files (x86)/atmel/studio/7.0/toolchain/avr8/avr8-gnu-toolchain/bin/../lib/gcc/avr/5.4.0/avr6\libgcc.a(_copy_data.o)
 .text.libgcc.builtins
                0x00000000        0x0 c:/program files (x86)/atmel/studio/7.0/toolchain/avr8/avr8-gnu-toolchain/bin/../lib/gcc/avr/5.4.0/avr6\libgcc.a(_copy_data.o)
 .text.libgcc.fmul
                0x00000000        0x0 c:/program files (x86)/atmel/studio/7.0/toolchain/avr8/avr8-gnu-toolchain/bin/../lib/gcc/avr/5.4.0/avr6\libgcc.a(_copy_data.o)
 .text.libgcc.fixed
                0x00000000        0x0 c:/program files (x86)/atmel/studio/7.0/toolchain/avr8/avr8-gnu-toolchain/bin/../lib/gcc/avr/5.4.0/avr6\libgcc.a(_copy_data.o)
 .text          0x00000000        0x0 c:/program files (x86)/atmel/studio/7.0/toolchain/avr8/avr8-gnu-toolchain/bin/../lib/gcc/avr/5.4.0/avr6\libgcc.a(_clear_bss.o)
 .data          0x00000000        0x0 c:/program files (x86)/atmel/studio/7.0/toolchain/avr8/avr8-gnu-toolchain/bin/../lib/gcc/avr/5.4.0/avr6\libgcc.a(_clear_bss.o)
 .bss           0x00000000        0x0 c:/program files (x86)/atmel/studio/7.0/toolchain/avr8/avr8-gnu-toolchain/bin/../lib/gcc/avr/5.4.0/avr6\libgcc.a(_clear_bss.o)
 .text.libgcc.mul
                0x00000000        0x0 c:/program files (x86)/atmel/studio/7.0/toolchain/avr8/avr8-gnu-toolchain/bin/../lib/gcc/avr/5.4.0/avr6\libgcc.a(_clear_bss.o)
 .text.libgcc.div
                0x00000000        0x0 c:/program files (x86)/atmel/studio/7.0/toolchain/avr8/avr8-gnu-toolchain/bin/../lib/gcc/avr/5.4.0/avr6\libgcc.a(_clear_bss.o)
 .text.libgcc   0x00000000        0x0 c:/program files (x86)/atmel/studio/7.0/toolchain/avr8/avr8-gnu-toolchain/bin/../lib/gcc/avr/5.4.0/avr6\libgcc.a(_clear_bss.o)
 .text.libgcc.prologue
                0x00000000        0x0 c:/program files (x86)/atmel/studio/7.0/toolchain/avr8/avr8-gnu-toolchain/bin/../lib/gcc/avr/5.4.0/avr6\libgcc.a(_clear_bss.o)
 .text.libgcc.builtins
                0x00000000        0x0 c:/program files (x86)/atmel/studio/7.0/toolchain/avr8/avr8-gnu-toolchain/bin/../lib/gcc/avr/5.4.0/avr6\libgcc.a(_clear_bss.o)
 .text.libgcc.fmul
                0x00000000        0x0 c:/program files (x86)/atmel/studio/7.0/toolchain/avr8/avr8-gnu-toolchain/bin/../lib/gcc/avr/5.4.0/avr6\libgcc.a(_clear_bss.o)
 .text.libgcc.fixed
                0x00000000        0x0 c:/program files (x86)/atmel/studio/7.0/toolchain/avr8/avr8-gnu-toolchain/bin/../lib/gcc/avr/5.4.0/avr6\libgcc.a(_clear_bss.o)
 .text          0x00000000        0x0 c:/program files (x86)/atmel/studio/7.0/toolchain/avr8/avr8-gnu-toolchain/bin/../lib/gcc/avr/5.4.0/avr6\libgcc.a(_ctors.o)
 .data          0x00000000        0x0 c:/program files (x86)/atmel/studio/7.0/toolchain/avr8/avr8-gnu-toolchain/bin/../lib/gcc/avr/5.4.0/avr6\libgcc.a(_ctors.o)
 .bss           0x00000000        0x0 c:/program files (x86)/atmel/studio/7.0/toolchain/avr8/avr8-gnu-toolchain/bin/../lib/gcc/avr/5.4.0/avr6\libgcc.a(_ctors.o)
 .text.libgcc.mul
                0x00000000        0x0 c:/program files (x86)/atmel/studio/7.0/toolchain/avr8/avr8-gnu-toolchain/bin/../lib/gcc/avr/5.4.0/avr6\libgcc.a(_ctors.o)
 .text.libgcc.div
                0x00000000        0x0 c:/program files (x86)/atmel/studio/7.0/toolchain/avr8/avr8-gnu-toolchain/bin/../lib/gcc/avr/5.4.0/avr6\libgcc.a(_ctors.o)
 .text.libgcc   0x00000000        0x0 c:/program files (x86)/atmel/studio/7.0/toolchain/avr8/avr8-gnu-toolchain/bin/../lib/gcc/avr/5.4.0/avr6\libgcc.a(_ctors.o)
 .text.libgcc.prologue
                0x00000000        0x0 c:/program files (x86)/atmel/studio/7.0/toolchain/avr8/avr8-gnu-toolchain/bin/../lib/gcc/avr/5.4.0/avr6\libgcc.a(_ctors.o)
 .text.libgcc.builtins
                0x00000000        0x0 c:/program files (x86)/atmel/studio/7.0/toolchain/avr8/avr8-gnu-toolchain/bin/../lib/gcc/avr/5.4.0/avr6\libgcc.a(_ctors.o)
 .text.libgcc.fmul
                0x00000000        0x0 c:/program files (x86)/atmel/studio/7.0/toolchain/avr8/avr8-gnu-toolchain/bin/../lib/gcc/avr/5.4.0/avr6\libgcc.a(_ctors.o)
 .text.libgcc.fixed
                0x00000000        0x0 c:/program files (x86)/atmel/studio/7.0/toolchain/avr8/avr8-gnu-toolchain/bin/../lib/gcc/avr/5.4.0/avr6\libgcc.a(_ctors.o)
 .text          0x00000000        0x0 c:/program files (x86)/atmel/studio/7.0/toolchain/avr8/avr8-gnu-toolchain/bin/../lib/gcc/avr/5.4.0/../../../../avr/lib/avr6\libc.a(abort.o)
 .data          0x00000000        0x0 c:/program files (x86)/atmel/studio/7.0/toolchain/avr8/avr8-gnu-toolchain/bin/../lib/gcc/avr/5.4.0/../../../../avr/lib/avr6\libc.a(abort.o)
 .bss           0x00000000        0x0 c:/program files (x86)/atmel/studio/7.0/toolchain/avr8/avr8-gnu-toolchain/bin/../lib/gcc/avr/5.4.0/../../../../avr/lib/avr6\libc.a(abort.o)
 .text.avr-libc
                0x00000000        0xa c:/program files (x86)/atmel/studio/7.0/toolchain/avr8/avr8-gnu-toolchain/bin/../lib/gcc/avr/5.4.0/../../../../avr/lib/avr6\libc.a(abort.o)

Memory Configuration

Name             Origin             Length             Attributes
text             0x00000000         0x00100000         xr
data             0x00800200         0x0000fe00         rw !x
eeprom           0x00810000         0x00010000         rw !x
fuse             0x00820000         0x00000003         rw !x
lock             0x00830000         0x00000400         rw !x
signature        0x00840000         0x00000400         rw !x
user_signatures  0x00850000         0x00000400         rw !x
*default*        0x00000000         0xffffffff

Linker script and memory map

Address of section .data set to 0x800200
LOAD C:/Program Files (x86)/Atmel/Studio/7.0/Packs/atmel/ATmega_DFP/1.2.150/gcc/dev/atmega2560/avr6/crtatmega2560.o
LOAD Sketch.o
START GROUP
LOAD c:/program files (x86)/atmel/studio/7.0/toolchain/avr8/avr8-gnu-toolchain/bin/../lib/gcc/avr/5.4.0/../../../../avr/lib/avr6\libm.a
LOAD C:\Users\fishe\Documents\Work\CSC460\csc460\timer\timer\timer\ArduinoCore\Debug\libArduinoCore.a
END GROUP
LOAD c:/program files (x86)/atmel/studio/7.0/toolchain/avr8/avr8-gnu-toolchain/bin/../lib/gcc/avr/5.4.0/avr6\libgcc.a
LOAD c:/program files (x86)/atmel/studio/7.0/toolchain/avr8/avr8-gnu-toolchain/bin/../lib/gcc/avr/5.4.0/../../../../avr/lib/avr6\libm.a
START GROUP
LOAD c:/program files (x86)/atmel/studio/7.0/toolchain/avr8/avr8-gnu-toolchain/bin/../lib/gcc/avr/5.4.0/avr6\libgcc.a
LOAD c:/program files (x86)/atmel/studio/7.0/toolchain/avr8/avr8-gnu-toolchain/bin/../lib/gcc/avr/5.4.0/../../../../avr/lib/avr6\libm.a
LOAD c:/program files (x86)/atmel/studio/7.0/toolchain/avr8/avr8-gnu-toolchain/bin/../lib/gcc/avr/5.4.0/../../../../avr/lib/avr6\libc.a
LOAD C:/Program Files (x86)/Atmel/Studio/7.0/Packs/atmel/ATmega_DFP/1.2.150/gcc/dev/atmega2560/avr6\libatmega2560.a
END GROUP
                0x00100000                __TEXT_REGION_LENGTH__ = DEFINED (__TEXT_REGION_LENGTH__)?__TEXT_REGION_LENGTH__:0x100000
                0x0000fe00                __DATA_REGION_LENGTH__ = DEFINED (__DATA_REGION_LENGTH__)?__DATA_REGION_LENGTH__:0xfe00
                0x00010000                __EEPROM_REGION_LENGTH__ = DEFINED (__EEPROM_REGION_LENGTH__)?__EEPROM_REGION_LENGTH__:0x10000
                [0x00000003]                __FUSE_REGION_LENGTH__ = DEFINED (__FUSE_REGION_LENGTH__)?__FUSE_REGION_LENGTH__:0x400
                0x00000400                __LOCK_REGION_LENGTH__ = DEFINED (__LOCK_REGION_LENGTH__)?__LOCK_REGION_LENGTH__:0x400
                0x00000400                __SIGNATURE_REGION_LENGTH__ = DEFINED (__SIGNATURE_REGION_LENGTH__)?__SIGNATURE_REGION_LENGTH__:0x400
                0x00000400                __USER_SIGNATURE_REGION_LENGTH__ = DEFINED (__USER_SIGNATURE_REGION_LENGTH__)?__USER_SIGNATURE_REGION_LENGTH__:0x400

.hash
 *(.hash)

.dynsym
 *(.dynsym)

.dynstr
 *(.dynstr)

.gnu.version
 *(.gnu.version)

.gnu.version_d
 *(.gnu.version_d)

.gnu.version_r
 *(.gnu.version_r)

.rel.init
 *(.rel.init)

.rela.init
 *(.rela.init)

.rel.text
 *(.rel.text)
 *(.rel.text.*)
 *(.rel.gnu.linkonce.t*)

.rela.text
 *(.rela.text)
 *(.rela.text.*)
 *(.rela.gnu.linkonce.t*)

.rel.fini
 *(.rel.fini)

.rela.fini
 *(.rela.fini)

.rel.rodata
 *(.rel.rodata)
 *(.rel.rodata.*)
 *(.rel.gnu.linkonce.r*)

.rela.rodata
 *(.rela.rodata)
 *(.rela.rodata.*)
 *(.rela.gnu.linkonce.r*)

.rel.data
 *(.rel.data)
 *(.rel.data.*)
 *(.rel.gnu.linkonce.d*)

.rela.data
 *(.rela.data)
 *(.rela.data.*)
 *(.rela.gnu.linkonce.d*)

.rel.ctors
 *(.rel.ctors)

.rela.ctors
 *(.rela.ctors)

.rel.dtors
 *(.rel.dtors)

.rela.dtors
 *(.rela.dtors)

.rel.got
 *(.rel.got)

.rela.got
 *(.rela.got)

.rel.bss
 *(.rel.bss)

.rela.bss
 *(.rela.bss)

.rel.plt
 *(.rel.plt)

.rela.plt
 *(.rela.plt)

.text           0x00000000      0xa42
 *(.vectors)
 .vectors       0x00000000       0xe4 C:/Program Files (x86)/Atmel/Studio/7.0/Packs/atmel/ATmega_DFP/1.2.150/gcc/dev/atmega2560/avr6/crtatmega2560.o
                0x00000000                __vector_default
                0x00000000                __vectors
 *(.vectors)
 *(.progmem.gcc*)
 .progmem.gcc_sw_table.turnOffPWM
                0x000000e4       0x24 C:\Users\fishe\Documents\Work\CSC460\csc460\timer\timer\timer\ArduinoCore\Debug\libArduinoCore.a(wiring_digital.o)
                0x00000108                . = ALIGN (0x2)
                0x00000108                __trampolines_start = .
 *(.trampolines)
 .trampolines   0x00000108        0x0 linker stubs
 *(.trampolines*)
                0x00000108                __trampolines_end = .
 *libprintf_flt.a:*(.progmem.data)
 *libc.a:*(.progmem.data)
 *(.progmem*)
 .progmem.data.digital_pin_to_timer_PGM
                0x00000108       0x46 C:\Users\fishe\Documents\Work\CSC460\csc460\timer\timer\timer\ArduinoCore\Debug\libArduinoCore.a(wiring_digital.o)
                0x00000108                digital_pin_to_timer_PGM
 .progmem.data.digital_pin_to_bit_mask_PGM
                0x0000014e       0x46 C:\Users\fishe\Documents\Work\CSC460\csc460\timer\timer\timer\ArduinoCore\Debug\libArduinoCore.a(wiring_digital.o)
                0x0000014e                digital_pin_to_bit_mask_PGM
 .progmem.data.digital_pin_to_port_PGM
                0x00000194       0x46 C:\Users\fishe\Documents\Work\CSC460\csc460\timer\timer\timer\ArduinoCore\Debug\libArduinoCore.a(wiring_digital.o)
                0x00000194                digital_pin_to_port_PGM
 .progmem.data.port_to_output_PGM
                0x000001da       0x1a C:\Users\fishe\Documents\Work\CSC460\csc460\timer\timer\timer\ArduinoCore\Debug\libArduinoCore.a(wiring_digital.o)
                0x000001da                port_to_output_PGM
 .progmem.data.port_to_mode_PGM
                0x000001f4       0x1a C:\Users\fishe\Documents\Work\CSC460\csc460\timer\timer\timer\ArduinoCore\Debug\libArduinoCore.a(wiring_digital.o)
                0x000001f4                port_to_mode_PGM
                0x0000020e                . = ALIGN (0x2)
 *(.jumptables)
 *(.jumptables*)
 *(.lowtext)
 *(.lowtext*)
                0x0000020e                __ctors_start = .
 *(.ctors)
 .ctors         0x0000020e        0x2 Sketch.o
                0x00000210                __ctors_end = .
                0x00000210                __dtors_start = .
 *(.dtors)
                0x00000210                __dtors_end = .
 SORT(*)(.ctors)
 SORT(*)(.dtors)
 *(.init0)
 .init0         0x00000210        0x0 C:/Program Files (x86)/Atmel/Studio/7.0/Packs/atmel/ATmega_DFP/1.2.150/gcc/dev/atmega2560/avr6/crtatmega2560.o
                0x00000210                __init
 *(.init0)
 *(.init1)
 *(.init1)
 *(.init2)
 .init2         0x00000210       0x10 C:/Program Files (x86)/Atmel/Studio/7.0/Packs/atmel/ATmega_DFP/1.2.150/gcc/dev/atmega2560/avr6/crtatmega2560.o
 *(.init2)
 *(.init3)
 *(.init3)
 *(.init4)
 .init4         0x00000220       0x1a c:/program files (x86)/atmel/studio/7.0/toolchain/avr8/avr8-gnu-toolchain/bin/../lib/gcc/avr/5.4.0/avr6\libgcc.a(_copy_data.o)
                0x00000220                __do_copy_data
 .init4         0x0000023a       0x10 c:/program files (x86)/atmel/studio/7.0/toolchain/avr8/avr8-gnu-toolchain/bin/../lib/gcc/avr/5.4.0/avr6\libgcc.a(_clear_bss.o)
                0x0000023a                __do_clear_bss
 *(.init4)
 *(.init5)
 *(.init5)
 *(.init6)
 .init6         0x0000024a       0x1e c:/program files (x86)/atmel/studio/7.0/toolchain/avr8/avr8-gnu-toolchain/bin/../lib/gcc/avr/5.4.0/avr6\libgcc.a(_ctors.o)
                0x0000024a                __do_global_ctors
 *(.init6)
 *(.init7)
 *(.init7)
 *(.init8)
 *(.init8)
 *(.init9)
 .init9         0x00000268        0x4 C:/Program Files (x86)/Atmel/Studio/7.0/Packs/atmel/ATmega_DFP/1.2.150/gcc/dev/atmega2560/avr6/crtatmega2560.o
 *(.init9)
 *(.text)
 .text          0x0000026c        0x2 C:/Program Files (x86)/Atmel/Studio/7.0/Packs/atmel/ATmega_DFP/1.2.150/gcc/dev/atmega2560/avr6/crtatmega2560.o
                0x0000026c                __vector_38
                0x0000026c                __vector_22
                0x0000026c                __vector_28
                0x0000026c                __vector_1
                0x0000026c                __vector_32
                0x0000026c                __vector_34
                0x0000026c                __vector_24
                0x0000026c                __vector_12
                0x0000026c                __vector_55
                0x0000026c                __vector_46
                0x0000026c                __bad_interrupt
                0x0000026c                __vector_6
                0x0000026c                __vector_31
                0x0000026c                __vector_35
                0x0000026c                __vector_39
                0x0000026c                __vector_3
                0x0000026c                __vector_30
                0x0000026c                __vector_45
                0x0000026c                __vector_25
                0x0000026c                __vector_11
                0x0000026c                __vector_54
                0x0000026c                __vector_13
                0x0000026c                __vector_17
                0x0000026c                __vector_19
                0x0000026c                __vector_56
                0x0000026c                __vector_7
                0x0000026c                __vector_49
                0x0000026c                __vector_41
                0x0000026c                __vector_43
                0x0000026c                __vector_27
                0x0000026c                __vector_5
                0x0000026c                __vector_33
                0x0000026c                __vector_47
                0x0000026c                __vector_52
                0x0000026c                __vector_37
                0x0000026c                __vector_4
                0x0000026c                __vector_44
                0x0000026c                __vector_51
                0x0000026c                __vector_9
                0x0000026c                __vector_2
                0x0000026c                __vector_21
                0x0000026c                __vector_15
                0x0000026c                __vector_36
                0x0000026c                __vector_29
                0x0000026c                __vector_40
                0x0000026c                __vector_8
                0x0000026c                __vector_26
                0x0000026c                __vector_48
                0x0000026c                __vector_14
                0x0000026c                __vector_53
                0x0000026c                __vector_10
                0x0000026c                __vector_50
                0x0000026c                __vector_16
                0x0000026c                __vector_18
                0x0000026c                __vector_20
                0x0000026e                . = ALIGN (0x2)
 *(.text.*)
 .text._Z10setupTimerv
                0x0000026e       0x42 Sketch.o
                0x0000026e                _Z10setupTimerv
 .text.__vector_42
                0x000002b0       0x88 Sketch.o
                0x000002b0                __vector_42
 .text.startup.main
                0x00000338        0x4 Sketch.o
                0x00000338                main
 .text.startup._GLOBAL__sub_I_lcd
                0x0000033c       0x24 Sketch.o
 .text._ZN5Print17availableForWriteEv
                0x00000360        0x6 C:\Users\fishe\Documents\Work\CSC460\csc460\timer\timer\timer\ArduinoCore\Debug\libArduinoCore.a(Print.o)
                0x00000360                _ZN5Print17availableForWriteEv
 .text._ZN5Print5flushEv
                0x00000366        0x2 C:\Users\fishe\Documents\Work\CSC460\csc460\timer\timer\timer\ArduinoCore\Debug\libArduinoCore.a(Print.o)
                0x00000366                _ZN5Print5flushEv
 .text._ZN5Print5writeEPKhj
                0x00000368       0x54 C:\Users\fishe\Documents\Work\CSC460\csc460\timer\timer\timer\ArduinoCore\Debug\libArduinoCore.a(Print.o)
                0x00000368                _ZN5Print5writeEPKhj
 .text._ZN5Print5writeEPKc
                0x000003bc       0x2a C:\Users\fishe\Documents\Work\CSC460\csc460\timer\timer\timer\ArduinoCore\Debug\libArduinoCore.a(Print.o)
                0x000003bc                _ZN5Print5writeEPKc
 .text._ZN5Print5printEc
                0x000003e6        0xe C:\Users\fishe\Documents\Work\CSC460\csc460\timer\timer\timer\ArduinoCore\Debug\libArduinoCore.a(Print.o)
                0x000003e6                _ZN5Print5printEc
 .text._ZN5Print11printNumberEmh
                0x000003f4       0x8e C:\Users\fishe\Documents\Work\CSC460\csc460\timer\timer\timer\ArduinoCore\Debug\libArduinoCore.a(Print.o)
                0x000003f4                _ZN5Print11printNumberEmh
 .text._ZN5Print5printEli
                0x00000482       0x8a C:\Users\fishe\Documents\Work\CSC460\csc460\timer\timer\timer\ArduinoCore\Debug\libArduinoCore.a(Print.o)
                0x00000482                _ZN5Print5printEli
 .text._ZN5Print5printEii
                0x0000050c        0xc C:\Users\fishe\Documents\Work\CSC460\csc460\timer\timer\timer\ArduinoCore\Debug\libArduinoCore.a(Print.o)
                0x0000050c                _ZN5Print5printEii
 .text._ZN13LiquidCrystal11pulseEnableEv
                0x00000518       0x2e C:\Users\fishe\Documents\Work\CSC460\csc460\timer\timer\timer\ArduinoCore\Debug\libArduinoCore.a(LiquidCrystal.o)
                0x00000518                _ZN13LiquidCrystal11pulseEnableEv
 .text._ZN13LiquidCrystal10write4bitsEh
                0x00000546       0x56 C:\Users\fishe\Documents\Work\CSC460\csc460\timer\timer\timer\ArduinoCore\Debug\libArduinoCore.a(LiquidCrystal.o)
                0x00000546                _ZN13LiquidCrystal10write4bitsEh
 .text._ZN13LiquidCrystal10write8bitsEh
                0x0000059c       0x56 C:\Users\fishe\Documents\Work\CSC460\csc460\timer\timer\timer\ArduinoCore\Debug\libArduinoCore.a(LiquidCrystal.o)
                0x0000059c                _ZN13LiquidCrystal10write8bitsEh
 .text._ZN13LiquidCrystal4sendEhh
                0x000005f2       0x48 C:\Users\fishe\Documents\Work\CSC460\csc460\timer\timer\timer\ArduinoCore\Debug\libArduinoCore.a(LiquidCrystal.o)
                0x000005f2                _ZN13LiquidCrystal4sendEhh
 .text._ZN13LiquidCrystal7commandEh
                0x0000063a        0x4 C:\Users\fishe\Documents\Work\CSC460\csc460\timer\timer\timer\ArduinoCore\Debug\libArduinoCore.a(LiquidCrystal.o)
                0x0000063a                _ZN13LiquidCrystal7commandEh
 .text._ZN13LiquidCrystal5clearEv
                0x0000063e        0xa C:\Users\fishe\Documents\Work\CSC460\csc460\timer\timer\timer\ArduinoCore\Debug\libArduinoCore.a(LiquidCrystal.o)
                0x0000063e                _ZN13LiquidCrystal5clearEv
 .text._ZN13LiquidCrystal4homeEv
                0x00000648        0xa C:\Users\fishe\Documents\Work\CSC460\csc460\timer\timer\timer\ArduinoCore\Debug\libArduinoCore.a(LiquidCrystal.o)
                0x00000648                _ZN13LiquidCrystal4homeEv
 .text._ZN13LiquidCrystal7displayEv
                0x00000652        0xe C:\Users\fishe\Documents\Work\CSC460\csc460\timer\timer\timer\ArduinoCore\Debug\libArduinoCore.a(LiquidCrystal.o)
                0x00000652                _ZN13LiquidCrystal7displayEv
 .text._ZN13LiquidCrystal5beginEhhh
                0x00000660      0x11a C:\Users\fishe\Documents\Work\CSC460\csc460\timer\timer\timer\ArduinoCore\Debug\libArduinoCore.a(LiquidCrystal.o)
                0x00000660                _ZN13LiquidCrystal5beginEhhh
 .text._ZN13LiquidCrystalC2Ehhhhhh
                0x0000077a       0x3e C:\Users\fishe\Documents\Work\CSC460\csc460\timer\timer\timer\ArduinoCore\Debug\libArduinoCore.a(LiquidCrystal.o)
                0x0000077a                _ZN13LiquidCrystalC1Ehhhhhh
                0x0000077a                _ZN13LiquidCrystalC2Ehhhhhh
 .text._ZN13LiquidCrystal5writeEh
                0x000007b8        0xa C:\Users\fishe\Documents\Work\CSC460\csc460\timer\timer\timer\ArduinoCore\Debug\libArduinoCore.a(LiquidCrystal.o)
                0x000007b8                _ZN13LiquidCrystal5writeEh
 .text.__vector_23
                0x000007c2       0x94 C:\Users\fishe\Documents\Work\CSC460\csc460\timer\timer\timer\ArduinoCore\Debug\libArduinoCore.a(wiring.o)
                0x000007c2                __vector_23
 .text.delayMicroseconds
                0x00000856       0x16 C:\Users\fishe\Documents\Work\CSC460\csc460\timer\timer\timer\ArduinoCore\Debug\libArduinoCore.a(wiring.o)
                0x00000856                delayMicroseconds
 .text.turnOffPWM
                0x0000086c       0xaa C:\Users\fishe\Documents\Work\CSC460\csc460\timer\timer\timer\ArduinoCore\Debug\libArduinoCore.a(wiring_digital.o)
 .text.pinMode  0x00000916       0x78 C:\Users\fishe\Documents\Work\CSC460\csc460\timer\timer\timer\ArduinoCore\Debug\libArduinoCore.a(wiring_digital.o)
                0x00000916                pinMode
 .text.digitalWrite
                0x0000098e       0x5c C:\Users\fishe\Documents\Work\CSC460\csc460\timer\timer\timer\ArduinoCore\Debug\libArduinoCore.a(wiring_digital.o)
                0x0000098e                digitalWrite
 .text.libgcc.div
                0x000009ea       0x44 c:/program files (x86)/atmel/studio/7.0/toolchain/avr8/avr8-gnu-toolchain/bin/../lib/gcc/avr/5.4.0/avr6\libgcc.a(_udivmodsi4.o)
                0x000009ea                __udivmodsi4
 .text.libgcc   0x00000a2e       0x10 c:/program files (x86)/atmel/studio/7.0/toolchain/avr8/avr8-gnu-toolchain/bin/../lib/gcc/avr/5.4.0/avr6\libgcc.a(_tablejump2.o)
                0x00000a2e                __tablejump2__
                0x00000a3e                . = ALIGN (0x2)
 *(.fini9)
 .fini9         0x00000a3e        0x0 c:/program files (x86)/atmel/studio/7.0/toolchain/avr8/avr8-gnu-toolchain/bin/../lib/gcc/avr/5.4.0/avr6\libgcc.a(_exit.o)
                0x00000a3e                _exit
                0x00000a3e                exit
 *(.fini9)
 *(.fini8)
 *(.fini8)
 *(.fini7)
 *(.fini7)
 *(.fini6)
 *(.fini6)
 *(.fini5)
 *(.fini5)
 *(.fini4)
 *(.fini4)
 *(.fini3)
 *(.fini3)
 *(.fini2)
 *(.fini2)
 *(.fini1)
 *(.fini1)
 *(.fini0)
 .fini0         0x00000a3e        0x4 c:/program files (x86)/atmel/studio/7.0/toolchain/avr8/avr8-gnu-toolchain/bin/../lib/gcc/avr/5.4.0/avr6\libgcc.a(_exit.o)
 *(.fini0)
                0x00000a42                _etext = .

.data           0x00800200        0xc load address 0x00000a42
                0x00800200                PROVIDE (__data_start, .)
 *(.data)
 *(.data*)
 *(.gnu.linkonce.d*)
 *(.rodata)
 *(.rodata*)
 .rodata._ZTV13LiquidCrystal
                0x00800200        0xc C:\Users\fishe\Documents\Work\CSC460\csc460\timer\timer\timer\ArduinoCore\Debug\libArduinoCore.a(LiquidCrystal.o)
                0x00800200                _ZTV13LiquidCrystal
 *(.gnu.linkonce.r*)
                0x0080020c                . = ALIGN (0x2)
                0x0080020c                _edata = .
                0x0080020c                PROVIDE (__data_end, .)

.bss            0x0080020c       0x23
                0x0080020c                PROVIDE (__bss_start, .)
 *(.bss)
 *(.bss*)
 .bss.x         0x0080020c        0x2 Sketch.o
                0x0080020c                x
 .bss.lcd       0x0080020e       0x18 Sketch.o
                0x0080020e                lcd
 .bss.timer0_fract
                0x00800226        0x1 C:\Users\fishe\Documents\Work\CSC460\csc460\timer\timer\timer\ArduinoCore\Debug\libArduinoCore.a(wiring.o)
 .bss.timer0_millis
                0x00800227        0x4 C:\Users\fishe\Documents\Work\CSC460\csc460\timer\timer\timer\ArduinoCore\Debug\libArduinoCore.a(wiring.o)
                0x00800227                timer0_millis
 .bss.timer0_overflow_count
                0x0080022b        0x4 C:\Users\fishe\Documents\Work\CSC460\csc460\timer\timer\timer\ArduinoCore\Debug\libArduinoCore.a(wiring.o)
                0x0080022b                timer0_overflow_count
 *(COMMON)
                0x0080022f                PROVIDE (__bss_end, .)
                0x00000a42                __data_load_start = LOADADDR (.data)
                0x00000a4e                __data_load_end = (__data_load_start + SIZEOF (.data))

.noinit         0x0080022f        0x0
                [!provide]                PROVIDE (__noinit_start, .)
 *(.noinit*)
                [!provide]                PROVIDE (__noinit_end, .)
                0x0080022f                _end = .
                [!provide]                PROVIDE (__heap_start, .)

.eeprom         0x00810000        0x0
 *(.eeprom*)
                0x00810000                __eeprom_end = .

.fuse
 *(.fuse)
 *(.lfuse)
 *(.hfuse)
 *(.efuse)

.lock
 *(.lock*)

.signature
 *(.signature*)

.user_signatures
 *(.user_signatures*)

.stab
 *(.stab)

.stabstr
 *(.stabstr)

.stab.excl
 *(.stab.excl)

.stab.exclstr
 *(.stab.exclstr)

.stab.index
 *(.stab.index)

.stab.indexstr
 *(.stab.indexstr)

.comment        0x00000000       0x30
 *(.comment)
 .comment       0x00000000       0x30 Sketch.o
                                 0x31 (size before relaxing)
 .comment       0x00000030       0x31 C:\Users\fishe\Documents\Work\CSC460\csc460\timer\timer\timer\ArduinoCore\Debug\libArduinoCore.a(Print.o)
 .comment       0x00000030       0x31 C:\Users\fishe\Documents\Work\CSC460\csc460\timer\timer\timer\ArduinoCore\Debug\libArduinoCore.a(LiquidCrystal.o)
 .comment       0x00000030       0x31 C:\Users\fishe\Documents\Work\CSC460\csc460\timer\timer\timer\ArduinoCore\Debug\libArduinoCore.a(wiring.o)
 .comment       0x00000030       0x31 C:\Users\fishe\Documents\Work\CSC460\csc460\timer\timer\timer\ArduinoCore\Debug\libArduinoCore.a(wiring_digital.o)

.note.gnu.avr.deviceinfo
                0x00000000       0x40
 .note.gnu.avr.deviceinfo
                0x00000000       0x40 C:/Program Files (x86)/Atmel/Studio/7.0/Packs/atmel/ATmega_DFP/1.2.150/gcc/dev/atmega2560/avr6/crtatmega2560.o

.note.gnu.build-id
 *(.note.gnu.build-id)

.debug
 *(.debug)

.line
 *(.line)

.debug_srcinfo
 *(.debug_srcinfo)

.debug_sfnames
 *(.debug_sfnames)

.debug_aranges  0x00000000      0x2c8
 *(.debug_aranges)
 .debug_aranges
                0x00000000       0x38 Sketch.o
 .debug_aranges
                0x00000038      0x100 C:\Users\fishe\Documents\Work\CSC460\csc460\timer\timer\timer\ArduinoCore\Debug\libArduinoCore.a(Print.o)
 .debug_aranges
                0x00000138      0x110 C:\Users\fishe\Documents\Work\CSC460\csc460\timer\timer\timer\ArduinoCore\Debug\libArduinoCore.a(LiquidCrystal.o)
 .debug_aranges
                0x00000248       0x48 C:\Users\fishe\Documents\Work\CSC460\csc460\timer\timer\timer\ArduinoCore\Debug\libArduinoCore.a(wiring.o)
 .debug_aranges
                0x00000290       0x38 C:\Users\fishe\Documents\Work\CSC460\csc460\timer\timer\timer\ArduinoCore\Debug\libArduinoCore.a(wiring_digital.o)

.debug_pubnames
 *(.debug_pubnames)

.debug_info     0x00000000     0x5e49
 *(.debug_info .gnu.linkonce.wi.*)
 .debug_info    0x00000000      0xbbc C:/Program Files (x86)/Atmel/Studio/7.0/Packs/atmel/ATmega_DFP/1.2.150/gcc/dev/atmega2560/avr6/crtatmega2560.o
 .debug_info    0x00000bbc      0x392 Sketch.o
 .debug_info    0x00000f4e     0x295d C:\Users\fishe\Documents\Work\CSC460\csc460\timer\timer\timer\ArduinoCore\Debug\libArduinoCore.a(Print.o)
 .debug_info    0x000038ab     0x1c3b C:\Users\fishe\Documents\Work\CSC460\csc460\timer\timer\timer\ArduinoCore\Debug\libArduinoCore.a(LiquidCrystal.o)
 .debug_info    0x000054e6      0x329 C:\Users\fishe\Documents\Work\CSC460\csc460\timer\timer\timer\ArduinoCore\Debug\libArduinoCore.a(wiring.o)
 .debug_info    0x0000580f      0x63a C:\Users\fishe\Documents\Work\CSC460\csc460\timer\timer\timer\ArduinoCore\Debug\libArduinoCore.a(wiring_digital.o)

.debug_abbrev   0x00000000     0x1751
 *(.debug_abbrev)
 .debug_abbrev  0x00000000      0xb1a C:/Program Files (x86)/Atmel/Studio/7.0/Packs/atmel/ATmega_DFP/1.2.150/gcc/dev/atmega2560/avr6/crtatmega2560.o
 .debug_abbrev  0x00000b1a      0x1b8 Sketch.o
 .debug_abbrev  0x00000cd2      0x47a C:\Users\fishe\Documents\Work\CSC460\csc460\timer\timer\timer\ArduinoCore\Debug\libArduinoCore.a(Print.o)
 .debug_abbrev  0x0000114c      0x365 C:\Users\fishe\Documents\Work\CSC460\csc460\timer\timer\timer\ArduinoCore\Debug\libArduinoCore.a(LiquidCrystal.o)
 .debug_abbrev  0x000014b1      0x146 C:\Users\fishe\Documents\Work\CSC460\csc460\timer\timer\timer\ArduinoCore\Debug\libArduinoCore.a(wiring.o)
 .debug_abbrev  0x000015f7      0x15a C:\Users\fishe\Documents\Work\CSC460\csc460\timer\timer\timer\ArduinoCore\Debug\libArduinoCore.a(wiring_digital.o)

.debug_line     0x00000000     0x1950
 *(.debug_line .debug_line.* .debug_line_end)
 .debug_line    0x00000000      0x1f9 C:/Program Files (x86)/Atmel/Studio/7.0/Packs/atmel/ATmega_DFP/1.2.150/gcc/dev/atmega2560/avr6/crtatmega2560.o
 .debug_line    0x000001f9      0x263 Sketch.o
 .debug_line    0x0000045c      0x681 C:\Users\fishe\Documents\Work\CSC460\csc460\timer\timer\timer\ArduinoCore\Debug\libArduinoCore.a(Print.o)
 .debug_line    0x00000add      0x924 C:\Users\fishe\Documents\Work\CSC460\csc460\timer\timer\timer\ArduinoCore\Debug\libArduinoCore.a(LiquidCrystal.o)
 .debug_line    0x00001401      0x2cb C:\Users\fishe\Documents\Work\CSC460\csc460\timer\timer\timer\ArduinoCore\Debug\libArduinoCore.a(wiring.o)
 .debug_line    0x000016cc      0x284 C:\Users\fishe\Documents\Work\CSC460\csc460\timer\timer\timer\ArduinoCore\Debug\libArduinoCore.a(wiring_digital.o)

.debug_frame    0x00000000      0x8f4
 *(.debug_frame)
 .debug_frame   0x00000000       0xb4 Sketch.o
 .debug_frame   0x000000b4      0x3ac C:\Users\fishe\Documents\Work\CSC460\csc460\timer\timer\timer\ArduinoCore\Debug\libArduinoCore.a(Print.o)
 .debug_frame   0x00000460      0x354 C:\Users\fishe\Documents\Work\CSC460\csc460\timer\timer\timer\ArduinoCore\Debug\libArduinoCore.a(LiquidCrystal.o)
 .debug_frame   0x000007b4       0xc4 C:\Users\fishe\Documents\Work\CSC460\csc460\timer\timer\timer\ArduinoCore\Debug\libArduinoCore.a(wiring.o)
 .debug_frame   0x00000878       0x7c C:\Users\fishe\Documents\Work\CSC460\csc460\timer\timer\timer\ArduinoCore\Debug\libArduinoCore.a(wiring_digital.o)

.debug_str      0x00000000     0x1eee
 *(.debug_str)
 .debug_str     0x00000000      0x3e6 C:/Program Files (x86)/Atmel/Studio/7.0/Packs/atmel/ATmega_DFP/1.2.150/gcc/dev/atmega2560/avr6/crtatmega2560.o
 .debug_str     0x000003e6      0x30a Sketch.o
                                0x350 (size before relaxing)
 .debug_str     0x000006f0      0xfb5 C:\Users\fishe\Documents\Work\CSC460\csc460\timer\timer\timer\ArduinoCore\Debug\libArduinoCore.a(Print.o)
                               0x1245 (size before relaxing)
 .debug_str     0x000016a5      0x62f C:\Users\fishe\Documents\Work\CSC460\csc460\timer\timer\timer\ArduinoCore\Debug\libArduinoCore.a(LiquidCrystal.o)
                                0x94c (size before relaxing)
 .debug_str     0x00001cd4      0x158 C:\Users\fishe\Documents\Work\CSC460\csc460\timer\timer\timer\ArduinoCore\Debug\libArduinoCore.a(wiring.o)
                                0x24d (size before relaxing)
 .debug_str     0x00001e2c       0xc2 C:\Users\fishe\Documents\Work\CSC460\csc460\timer\timer\timer\ArduinoCore\Debug\libArduinoCore.a(wiring_digital.o)
                                0x2b2 (size before relaxing)

.debug_loc      0x00000000     0x4037
 *(.debug_loc)
 .debug_loc     0x00000000      0x14a Sketch.o
 .debug_loc     0x0000014a     0x1c87 C:\Users\fishe\Documents\Work\CSC460\csc460\timer\timer\timer\ArduinoCore\Debug\libArduinoCore.a(Print.o)
 .debug_loc     0x00001dd1     0x1a6e C:\Users\fishe\Documents\Work\CSC460\csc460\timer\timer\timer\ArduinoCore\Debug\libArduinoCore.a(LiquidCrystal.o)
 .debug_loc     0x0000383f      0x28d C:\Users\fishe\Documents\Work\CSC460\csc460\timer\timer\timer\ArduinoCore\Debug\libArduinoCore.a(wiring.o)
 .debug_loc     0x00003acc      0x56b C:\Users\fishe\Documents\Work\CSC460\csc460\timer\timer\timer\ArduinoCore\Debug\libArduinoCore.a(wiring_digital.o)

.debug_macinfo
 *(.debug_macinfo)

.debug_weaknames
 *(.debug_weaknames)

.debug_funcnames
 *(.debug_funcnames)

.debug_typenames
 *(.debug_typenames)

.debug_varnames
 *(.debug_varnames)

.debug_pubtypes
 *(.debug_pubtypes)

.debug_ranges   0x00000000      0x320
 *(.debug_ranges)
 .debug_ranges  0x00000000       0x28 Sketch.o
 .debug_ranges  0x00000028      0x120 C:\Users\fishe\Documents\Work\CSC460\csc460\timer\timer\timer\ArduinoCore\Debug\libArduinoCore.a(Print.o)
 .debug_ranges  0x00000148      0x178 C:\Users\fishe\Documents\Work\CSC460\csc460\timer\timer\timer\ArduinoCore\Debug\libArduinoCore.a(LiquidCrystal.o)
 .debug_ranges  0x000002c0       0x38 C:\Users\fishe\Documents\Work\CSC460\csc460\timer\timer\timer\ArduinoCore\Debug\libArduinoCore.a(wiring.o)
 .debug_ranges  0x000002f8       0x28 C:\Users\fishe\Documents\Work\CSC460\csc460\timer\timer\timer\ArduinoCore\Debug\libArduinoCore.a(wiring_digital.o)

.debug_macro
 *(.debug_macro)
OUTPUT(sketch_feb26a.elf elf32-avr)
LOAD linker stubs
